{
    "samples": [
        {
            "cborHex": "84b000848258200487146667ebe2d8cac1603bcd769cd6e37ebbdd8147163f01ae2692c47398c00e82582028e095c4104f8188d096209d7de2faabaf0d4d9c8c172cb416bdb4bce128a6a90d8258206895b4df2924123102dd27c5931328df47ab368ef4eb080f6361c0621fbe3f1a0b8258209520e761ec08f5d3413bd5d5b7c050a00ec8ab33225925d07e3d2c82cf3b432d020d858258201209ed00ec1be8322759a519fa85ad8658362e5b93e56ddb2f5c9ba1a048ffd3088258204381dc6c897993790580901c528e885e4cd97ded9cd264f519b5b638e99df476068258204bf7966d1e17b89cd43889197a65b378bc68de22319551df63760653a4997ddb0e82582052259bc4ca71926fa322e3e188a57dc2649e0ee6e284bb027fab800a5899b02c06825820b7936b4fcfc982541b3e432f3868a0038056ffb04f6af8e78a6934ead4813c2b06128482582027242c4d7766d5e9f826704b4fec6fb03c97e61f9f1cc6010dbe8ce03e136d300e825820427085d7809b4ea6e71278a36c0e6cc0590590ad889d78f4e40d6e40236042760282582046b34374f5086b79168838757fd265f52606666ca5bf57bdfc4cdb0ddc7f83bf0882582085599d8fb6479404fed3de1545a649c1a22b9fd46f8fd10da01d31fe228700000f0184a400581d60d03b55b8df43818f7be0e0e2c5123e6bb0fda3ebd73f894c714af5be018200a1581c30bf5574e73e2b25f79fde171e0073f60fb5b349c6f6d7192176d1e3a141331b2a44db2ea6372085028201d818412003d81858738200820182830302828201838200581c4acf2773917c7b547c576a7ff110d2ba5733c1f1ca9cdc659aea3a568200581c58e1b65718531b42494610c506cef10ff031fa817a8ff75c0ab180e78200581cb16b56f5ec064be6ac3cab6035efae86b366cc3dc4a0d571603d70e582050d83030080a4005839014dcac9da1bce500a066289642496e229af1392e6c8f8a118a75853b612873dbc61fbbe908761a6c2a9c1e339b0c719101abc6e8e436d18cc01821b7d2ad2f4b4c22a39a1581cd4ff6b7afa7d865e021bf15800619a9f04eb7a5c50946c6a188ccfefa141381b758617e34cdc629c0282005820f3805b3cefeff3cf983e0ed9dc29a94e4e421c600033d66dd3621eb681e5874703d81846820082041819a4005820403d0d81f2506397884da7a3b4cccaa1eae7a53eaf578a8ac9943eb43d05080001821b5deabb85a2ee5145a1581c245d5a7a06fe18358242e81281cd5ba9e6abe4efc54e7b659f25abaea1413501028201d818581b9fa1d87c9f446b63407c429a5203ff0502a280a02443b82d5d23ff03d8185901a682008303058582050e830303838201808204018200581c76e607db2a31c9a2c32761d2431a186a550cc321f79cd8d6a82b29b88202818204038200581c3542acb3a64d80c29302260d62c3b87a742ad14abf855ebc6733081e820283830300858200581cb16b56f5ec064be6ac3cab6035efae86b366cc3dc4a0d571603d70e58200581cb5ae663aaea8e500157bdf4baafd6f5ba0ce5759f7cd4101fc132f548200581cb5ae663aaea8e500157bdf4baafd6f5ba0ce5759f7cd4101fc132f548200581c4acf2773917c7b547c576a7ff110d2ba5733c1f1ca9cdc659aea3a568200581c4acf2773917c7b547c576a7ff110d2ba5733c1f1ca9cdc659aea3a568201848200581c3542acb3a64d80c29302260d62c3b87a742ad14abf855ebc6733081e8200581c58e1b65718531b42494610c506cef10ff031fa817a8ff75c0ab180e78200581c76e607db2a31c9a2c32761d2431a186a550cc321f79cd8d6a82b29b88200581c65fc709a5e019b8aba76f6977c1c8770e4b36fa76f434efc588747b78201818200581c65fc709a5e019b8aba76f6977c1c8770e4b36fa76f434efc588747b7a300585082d818584683581c3c623f45b94d97d063f7a67255ac6b6fe91f9214df83747cea50e0a5a10158225820737968627471656e7569656a63716d6e7967786a7176736867776a656b686a63001ac73995fd018200a1581c2dc02db1e4e92307f287d395956c563ff777914b96387b97ec288f13a14a84546a46fb66b1d9f9191b413e4deea5f034be03d81845820082050210a4005839109e5777688a5a87a77fcd301f29e4fccbf9865a2fb0bb546d1941d27ed2080281784edebfc1bccf958349ff3e99cee969cee5cf7cfacae5df01821b6a3722f427a5e4c0a1581c105a8f1bb56444cacc86378c95421aceeb326b0fb7743e493eb82fd5a158200af5328540124624de19c63c2955dc81a92560dc6233660ef039e2965f02100a1b01a458410d63d52402820058209a73bd9e6a210253047b26baaa8f53f6584048ad79f051866572439fcb11521a03d818458200820410111a00037ffd021a0007d7fd031004848304581cd823d1b1957869a7c0dfbb6ea59aee58081a95872106d6d6b1813c280c8304581c6ad7d8e3d95b5efe8f9505035d51684fb8c463c1e2a77e8449d949cd0c8a03581c57c587434d36ada1abc7740ab8dff57c636492b262bd1d54cd10ff315820c90eae77f5226f51a805bf4571ff74098bc69cee946fd204f2b9cb985050adf91a00065fd81a000bd0cad81e82030a581df094cae75671cf417de0ae0248aaa31dd55e31c308be13c63f167eee1284581c786293d60dd25d13206576e00e204407f66c6494b3e12b0eeda315cf581c7ef87f73d405bd051174719693c07c4623fa1dec1689e3a7f6da266e581c9e65016b69db68eaffb816c6e10c82f60973792dfa3a78d66aeb4631581cc40208ac215a6ac037489598edb2c41f317709a7746e3d18cf70a5148583010078344a49784a3546456452477051444257336f446f3738684e4a657230417252752e49304e7134672e5357686f425a74556c2e636f6d840001440000000650030000000800000002000000070000008400064400000006f682027838563258726544545053696b6d31396147634e6c4c486c394a41384f37337730595a787550344b4331657a7a6874784168684e6c542e636f6d8202783e5576566c6d63366d7579616d3747316962507872344e71464a4b5868314271355261324a55586b5150723638677267576f6532416432463966682e636f6d827368747470733a2f2f454f376636564a2e636f6d444860f9fd8405581c7bdef9f73b8d92a5e87758ecf7b25f8c3ca8dfe5a64b57c0a44a7dfc581c4b7df24d9936e2d19c9e7972a3364079850a445766b01adbab0d231558203524b280e1e21faa8be67ec53e73b7f7e8d9257507dfda393428c5b9f7d8da7805a4581de02466c9052bd876471650e6dd602a835ef739dd37366cac40ae101ba11a0005843d581df1dfea930eba1be0487c47cfacc4ce0b4b0809a4ce7012146a32f6292a1a0001362b581de17a9b2c160d6d7cda1bf2203a64e43cd99c9f6339b3100fd5f38ce67a1a000a1508581de1cad5375232489c9f9b8cd94e20ea4033beb798b3cfc68992a6cf60451a0002dd07080f0e81581c66a1727baa9be0463a813e963e8362181c8504f30fb6979076441a5209a1581c467f58932b54910584a0e8ea25a225e06a14530b2e96e938c53a3f22a15820ee66d82a836f80e2d4b3f9d6d9e88c278e31c01059dbd2c3037cb7484efbf89d1b761a5668ca5c985f0b582089d1f3f9d122758aeaf9975736ab8f8e0bc37fe2a12dd111bfeb4705e3fa8f220758204366493aa0a13603225f7259fc9d13c83107b3c665b9d14521a110bccdebf15c0f00a40086825820b8bc70a16e06ced2098cd05f31fd79d013d27b638b963da6a58cd6d0883de6e55840aad7ad7d8e87f581c71c13b72c28121a08c8ff4013df07260c69a1e7aee3c04fb569a1844708db12f5152e40f9eed60beef80a90e82c6b797a50a6591fca03e182582007aa8262366cfa1052232665a388521e63ed8336f83cde951d8efbcd4fd24b2e584088203d3b57c18ff89bbe20781a5f96c5cdb69a5bedc296f2f056f0a3935215cff7f86820fd5f43c21beae983417b98bfac29ffa33f915cbf9e38d36de54ed20e825820aca9d471fb15ec6c659fadab5604f3c55623b16cb9ac30840e5544c7122b4cc35840fcdc44f8559ad581c36f3a48c2df04e0426d5c6d943565dd574176eee3f3e8ef173db68267be086d8d787c98d04aed348563b2fcd1bf6b09898f07258c12ff708258202b99e90af7e925d36b9082872682a5c004414bba20c6c849d7461f6be8b4a8595840aea6cd9a0f4986e94c3deb74ab7a8adb48a148a7c850bdea64d318ed61a5f70c384599bce2f87de4423359741ec03d2776433cceeaf20e3a39ced5ae49bf584f8258203bab62275483e829fec288b89ace239a262477cb7c12235317808f0fdbea7687584089e3ec14124eb3ac55ffc6c0a4bfc8ebbe9fcd61e6ab848d75c775e636909ad0b4f14ce3a4966232da309ff61999169f4c7380aa295c528e03d769dd81e8435982582046366fa2dc2e3bf1020d5b65d7d25cb5b71503b1fddb0adc41a9d9a570dcf8e75840de61876c197e3f3cab61490330092578bae8e87fecab0fe906b87cbe0e016f78934a1884a17025d0e76c4ab4aa78b470687c1039caed64f3a4311f2e24fd7a540281845820eec7e0df3757518756a7e89da71650af931bd46e4afeb82a9220d1373a8258795840d584697b17a8dbe11cc29cad9e8a6c8be97e78dd740dd121f1569b203c1defe2395ca78e8f4e4eeb5ce907bb2bc09ad53fa903bb50143534cb9bf3015cc4e05241ed4450333f460182820283830301818205018202858202818200581cbd039f956f4b302f3ab6fc7c4bac3350a540f44af81a8492194dd2c28204018202848200581c76e607db2a31c9a2c32761d2431a186a550cc321f79cd8d6a82b29b88200581cb16b56f5ec064be6ac3cab6035efae86b366cc3dc4a0d571603d70e58200581c4acf2773917c7b547c576a7ff110d2ba5733c1f1ca9cdc659aea3a568200581c58e1b65718531b42494610c506cef10ff031fa817a8ff75c0ab180e78201808201838200581c0d94e174732ef9aae73f395ab44507bfa983d65023c11a951f0c32e48200581c65fc709a5e019b8aba76f6977c1c8770e4b36fa76f434efc588747b78200581cbd039f956f4b302f3ab6fc7c4bac3350a540f44af81a8492194dd2c2830300818201828200581c76e607db2a31c9a2c32761d2431a186a550cc321f79cd8d6a82b29b88200581cbd039f956f4b302f3ab6fc7c4bac3350a540f44af81a8492194dd2c282028004844004444f380964a39fa1224001219f445e28d98bff9f428d530442316640ffffd8799f04ff9fd87d9f4041a8ff8004ff43aca134a022f4d90103a200a10b020181820409",
            "description": "",
            "txId": "747960e654a7ff934e8ad28edaccc8c57c949648b540da82668b8b94db2df722",
            "type": "Witnessed Tx BabbageEra"
        },
        {
            "cborHex": "84ae0081825820ae1bfb38225f59ffcbfa265dda41901770bf028904001e5066fe3db972cb061e0f0d838258204ec8d782035b1c8ff77fee3c8b68df6b71e3a362d5fb24080f2617fc323130510d825820d7522692d3ebf3e345b78129a25b0c7cbc21effd6f81b6c2282884e4fdee0a4b10825820fcd9855ff32221517b926606633d777b07668a5eff8eb60c9c0119a37146ca2e0f128282582087008d83f360f11cc99ea2684ac9d35693df22132c595e5ca64839c6a78b4b430382582094b4e9533314f2fd39423b8f4d477902778695fe67ddf3fdd791576aea548a56090182a4005839100f341375219b04b6b3419625aaf7e85ab32d6ac528fc8d5e1323d4e7da8b4fbdde00d19b9acb49675b7c824bf631e02df61daa776787569b01821b5daeff2cf4f793fea1581c9e660d935fcde6a5b69f8a0a936693aa53815cdd8c05c3f36d3eddd4a141381b15c405d4ef1ed6870282005820cf41847858cedaa02838598346274428dc51ff1e3e228d2f9467751131fc4eca03d818458200820410a3005839213913478a87aad2efc6670de370ec19230dc6130870167beca23cdcfc2ea475852b630e8307778210c9b8a7e2530b68fe76a15b667e62896801821b6b2b550f03354949a1581cc08f3a4324fa8dd578b47c1a0df700d858a46eb1562b5d4c591116c1a141361b0814e115bc816463028201d818549fd8799fd87e80ffa19f2140ff441d35407223ff10a4005839301b3b09ff5096ea4b5604d02840b0ebff45dbb61e88d14ecdfacd62f0e0981dd2a32267663d81c411560a3d93d0fdcdf59ae496c6c3996903018200a1581c2db8410d969b6ad6b6969703c77ebf6c44061aa51c5d6ceba46557e2a1581df68f1aa8afaaf40d32934ff479a002fadbabc3f30d156fdaea1b9fd88701028201d818449f41e4ff03d81845820082050c111a000b13bf021a00085447030c04868405581ce377dbc45642857656c5e9cbb0f47d5ad7082d4a7682990639485b71581c0cc6b7a6205c9dc1ee8cc4a6b5699296560d26ba1a03acbcac167b225820c47af88c62fb67a24cc15fde629f5dfed507b9d7f4fabd9997981bff72e054a18304581c198d2e7cca897b2da0ad7f3f7a81d65eba1ca197b2eb1c476cb5e94e0a82018200581ca610229a679b106a84f0877d9fa5b0375dbcf006faa19b824dfd87b683028200581cfdb76e9780e13390e7e7f56f70157b70dedb29c4f18b7aed484f7b0f581cd44d72e0390cf75e98d8bd26911328952d5c4990b0d1d108f9c91b28820682001a000258b68a03581c753d58fccdb250ac84a2729108f03929825995c72d865d29d4346acc58201c8cd57315322b92ff20a2dceabb20fe0057a392f038eb519d7bb48e32866da01a000bbe5d1a000df25fd81e8218491864581df1635fc9e944b5eaf6c12c21dd21781f131e102ccfffe893af934902ea85581c02809870ce1a31e7ed28840cb3c3f41c489d6a91337fb1d7ce62c61c581c65350cc5c53ced45814c78330416cde1489e5403ad9809697126e632581c6fd4adaf9679ab0c88d15f41839fd478af2fff5a02f00b7398fdc6b7581caa1b1ed12e886dae238a82b163fe2adaa7ae55b20b49285348e5fd08581cde34b17e737862cc0249ea49d38746b8172fe280a046450244797ab58182027833337a5645594c5471686e52642e72774b73654a46355134793376713937567750776749753135477a7461735237454b2e636f6d827468747470733a2f2f77754a4e543342382e636f6d42bda705a4581de02c6e76d135a09c68864969870a14e7df27501717d63400fda251cfff1a00027587581de08969a906f695c1e5a1135b9f71ddeb36f0aa6ee2cc7c30dbec199ef21a000e9160581de19575bcaa1d8f8a56b7c2e572451202c664f02ca9906fe4e2f92bab121a00061346581de19c9a4b16efc4849ddf2dade3ea80a8948b9ea8052ec20046e9df67851a0008744c080c0e85581c5c4933e38862e6e10d17c0d2e352b2dadce93f2f227a9adb36ad1227581c7145d238d2f712ba3ecc6e7d74b3e05c494fe0ce2bfcac7c41ba72af581caaf5bd2aed2e94376ec5f4ac9903b0e11c50ad69d2cc27b8ce8576b0581cbc62055ddf26d7849022c78b60ee98fbe5ac930dbe2d857203262404581cc28414d0fdb8af8ab2d8edec1a5c14b9cc5950b45a4d1b92d464c8d409a1581c2e12c5e499e0521b13837391beed1248a2e36117370662ee75918b56a141343b4ffa7a1e889104c80b5820abe9ed019691a29a908270ea9eb4e71a060c51418442cd9aef61c5c0b79830aca300828258200ded6dbc68fa0eba7a143029ea00876244a068233ae02d3acfe87ca0a0fb866958406818fe8384b6b944d67f191dd2ca614091f50c070492a96e2da2af2ad22111eb305e91daad054a74acc880177e9856f31bc8b6cfdb3b9b3b4b4f092e08bd28c58258203b3853c80a322cf2335a4a7836a22aa1377273119795ecbe525faed9a26f13595840af97751e37da8ad4d6935cf8a20908b0af8e7b833949adead79255be26a4b51529d61055fd1a07f7f28763bdedc741ab1edbab88e2bb4838d539cbc0347910940186820508830300808204028205158202838205098202808202838204108205058205098202848200581c4acf2773917c7b547c576a7ff110d2ba5733c1f1ca9cdc659aea3a56830300808202838200581cb16b56f5ec064be6ac3cab6035efae86b366cc3dc4a0d571603d70e58205088200581c0d94e174732ef9aae73f395ab44507bfa983d65023c11a951f0c32e482050c058284030604821b4eb0f367bc019b041b6b34af95ac67b51184030805821b6a318acf848b02ae1b681ce177073874c3f4d90103a200a6004291200168707ef48d8ab77605040508400b83653d7d22521da12266f489a09d2f308242e1af425dfa0ea001818200581ceccbfb5c619673f0648a42cc2f822c81cbc34aee41274638e89a7af5",
            "description": "",
            "txId": "fb8e41e74275c7b76d21b4969b5c61b3ac07dd6d62d23bcc5817350661faa19e",
            "type": "Witnessed Tx BabbageEra"
        },
        {
            "cborHex": "84b0008582582008a04e4b4ec67dafe61005e93032dd78d517e075a0df4abcc9ea23ac53fa734e0b8258201e382643919177c0715a703c4e374cd7fb0291df2df7c986d94e31cbc4e053a40d82582088933876633f9ade0375390a14b749f3ebd149ea7636ae32f2f33c06373f599a0b825820a27ed8aa68c53e2daf318fcab02f6a639759683bf29726cf1303d9780e3dea6906825820e05bdf4097722d63a0b4a604b05781fb481e0cd3fcedc3fb2f170818ef1f72d4060d82825820b12e8d624e0efc82b96ec77f6b93639169749527827aaf7a54357e7939adc6fd08825820cbba44aa20e433d76daf1f8a8feedabc99337aa21e784a43b7d03641a28e67001012838258200a6efd01cdbac95eba4f7d0ae928a957af34870570206cec585d8d9abcf34e3b0f8258204d3d2dc024a126983314a42820dd75ca786d7f63025a4980ab43f00e347a150906825820c96f6ec199e964854b78d5f4f17f56e0ad7e12d6475c92bd59638ea4c48fb4c90d0183a300583931171f555ee44034d6d8a3ab972e2804cfa0c184d47e0642eaaa36fb5c4e0d87413c3ed4a27e8b4ebd28da51ca90f08694d2e4e36260aa5c4201821b03f06412ce30b389a1581c350e8f03a5de8824f6240a505afa949bbad5d62b7ee767d47ab90deda14a3ec26784960b98244aa201028201d8184342eb0ca4005839213878102087a3d8d232c196c57707c751384730676e917f9d85b8950bc57797fad04308bb0c7b8af0a5dccd228bb938a2509061d328ef4935018200a1581c105a8f1bb56444cacc86378c95421aceeb326b0fb7743e493eb82fd5a14b8076e7cd11ab76c145d4ab01028201d818414003d818587782008201858205048204038204018205088201818201838200581c3542acb3a64d80c29302260d62c3b87a742ad14abf855ebc6733081e8200581c0d94e174732ef9aae73f395ab44507bfa983d65023c11a951f0c32e48200581cbd039f956f4b302f3ab6fc7c4bac3350a540f44af81a8492194dd2c2a400583931dccf0587ddd0be9615048582ee635a54593862a6008eed3494a131c82d17e13dd0448e6c7c12d85d0b25e1c92a82f155c6ee4fc98d46511f018200a1581c864e0c5586316b73e4e36751f6f63993d5555e4f751faa7a82426b9fa15523137d7b8e7774b3dd283f1da3a5148578c8ee5d3f0202820058202c94aa4c9a972b9ab208969e2fc79e0d9ea44b5ba0e019650aa4956ad23a2a2103d81845820082028010a400582b82d818582183581c2f90441ce8d3123a67593076667c7f4c2df48cbcdcd6523e325abccba0021a89e749d9018200a1581c105a8f1bb56444cacc86378c95421aceeb326b0fb7743e493eb82fd5a143226e8d01028201d818582b9f059f44820567b59f240405ffa440242122402144fbab2d7242daa1d87d9f4044884c62860302ffff80ff03d818458200820409111a00060cdb021a000c9dab0303048682068200a68201581c723396e2540518edd00a681ebe0ea5f3e5faaaeea4a28553528701c139ac808201581cb2a4cfed087cb242009be5b97fb859cb0a00aaa04f015099c92b91703a000f091b8200581c2b3a8d31c9b29c0fd9dce14311fb072d177db45d8092465554ba3f713a000289c48200581c2e20208316480e7b12922e4ae179d7cfe872fa06eae9a89fb36908793a0001e9918200581c2f8b9f7afaf0c6373a4a270ba7eb889434a4e6b47c2250e68e35ad433a000aa30d8200581c56b5964fe568742fc548eb6686f7c4ee77c90aa21777d32760b3d601196a8c820682011a000c31e28a03581c6d2b65ddc3c3923b5a17265fbc7e49bb94d2d7fd35ab2eeb8a6a4aa758200c92c96ce28663657cdd73ae608f2cec0fc6435eed81cb653c299fe86776c0801a000dcc8f1a000cf837d81e8219233b192710581de08608db8c3df0a6b03bae3e23a3c19747d868696d760b906f60e9b06984581c43aba2fd364956e18f8626bd460f32286d399825297d0824a58cc45c581c4ab2ab6d7dc4af5c3612ecf1610bc44c35dd292c3d9396b308413641581c7cce60b57156c94effe01a104f15c421fb69c63ff9119e7f0014b67a581cd52dbbba1928c802bbfd0ef555e6434f28e05c49468e59a7a85ae38480f68405581c3a87c79e5f7061816b7a3bd1fe2db227fa93a66fe826b31644623220581cff6a5ba025ae194a01a10849e79181dad78e18122b4d1b8c83749e98582055e13be2261f94e562085f243d3ee42afb58e4f63439f5df6bb24629fd294af482068200a08405581c18324f603833476cc4c47bfd7e4320692e3fefbf7f55a7b9b1e23848581cb52aa4001b45160e183a89394810c7100189be9333d4cf14e213321f5820322c75d9058984b308b689d9a44cfcbe595615878d7f25d4e5639527aeda9f5605a1581de059ff10604b78182e261daac1163dc6da32f3818d6141816395d21ac91a00097e52080a0e84581c41715c766ab978749ec153b9db838da8f5a5b45b8f0b365dbd6ecebe581c9d28d0617a9f817ff349c6fdc8b9b8ec4c0b9a06eefbe9b56cb158bd581cc5b6b6023c64a57b17ae3b7c6a218a911d718ec1f30e660d26b8adec581cfa671e7c5ba9e1d54f0e1ab9d735642c483ce490afa49d64a637c5e109a1581c90d25420669bd1a051520f8196dafe3a1a24d58f9d76c899a044d2d9a141303b0821ce5feec956710b58206b16cdfac1ffd9c8f3a4c0d19a4018b286ce8b92a872067148f98e1ba16433cd0758207f568f4dc1626b37f824a2b042a40001407363d202dbff0e1d546c771b8f1e4d0f00a5008282582076bcdf509f869adfb6665966bebab8a762f0b1832f8b69ddd75c3d84ca3a545c5840a44228fe2a97930aa52152353946019aeed0a4d2409906eeb36b3510eb48efdb3917d242202f21b12d1b76dc1102dedf4560f5283fda566deb4a7724fed26e238258207ba6c6b28f4ab796b8507b07cbf85c49d356853e9ae23df41fcdad825a45f38b5840e3a524048da74420b74db3eb44b612381a93ab153a5627c75335fbd19007113b380ad473d1d444730744946e7efaeb9c4c82b4b650499247833225d7667d6e70028284582003b84c509b365a0cb4c8ffa37555fbf122de84a11c9b8cbcd7d766c9a7ae8313584054b6d89416e1746f953f3d8578967ee214d175ec70d021c9841cc45a201db4e1e30906b9d3dbcef6aa86e80d00a10c9cb7491c7dca8cd5daad733a351b49bd0142dee441e28458204f52be1972a0a914eab6b5b73cbd9e3529110df6f09931d23f912d023edee44a584028c8c04906c36d2f7bb52f83764e01e6a88c92380887ebf015c80e3dcdd35b0d4aad70b235267784bfb78a5fd41a3109ccae5240a28a4b0de1529983b176dbdf44bba095e7430612830181820280048442218d0201d87b800586840003d87a9fd87e9f9f42b07705ffff2104a5d8799f422756ffd87d9f404024ff8043095b35d87e9f20400000ff01435a9ccda42144aac5c52d431a3744404233e50144271685fd00d87d80439d573dff821b753b23ec10673d611b4b6ff54534a4affe8402009fa0d87a9f0142778744fef66a26ff40ff821b3d7a4d21fa4ca7621b4887bec6ae0306968402029f40ff821b2009f65cd7f50cd91b43c7da2e7b7d48a8840303a5a2a24472f7972402432787c5019f43452c9341b7234210e440ffd87d9f415140ffa20144edf731052000a3a42220052141194484a91d78425f180420a2412a0244528a29ed43b2b86cd87b9f438bea600443549a0a420035ffa5212142f1770305426307030301249f22ff9f0440a1224335516820ffa541c041589f0540ffd87a9f222041b44220e202ffa3034042a26643ef7777402124d87b9f204451f223860041924130ffa4034161447560bb544334533c004042d3880240d87d9f446752cf79014212a2ff0423d8799fd87e9f21ff20ff059f40ff22821b53738ddd94e3bfbf1b37333116d0e58be984030602821b3ff56eac7c8e63261b056d96ab4c6022a984030702821b6e9ba3a98d7a25f71b3cb3981d4e67e2caf5d90103a100a60525062007636c7c210c240e44c10948bf0f82421e0240",
            "description": "",
            "txId": "86ef39251bae9783e93e110fe841a57b6b29a532a18493b5a4ce973f97358745",
            "type": "Witnessed Tx BabbageEra"
        },
        {
            "cborHex": "84ad0086825820100065f66cd7868145ed3960c20cec21ce774cb6ca60b06d8a836a12e988ea3f0c8258204d35a213421e7165ec0bec47f2d5ce99db00b35acd6b03cbe35af91551d4ff3606825820ba6a1f04f3a2c1dfb21857ef5c2527232ceb9f6bb4b445875e9a9b534feeceac05825820bd73a4810d336a0914d66c719d9bc1be85103de78e5b8a5a4ef5229c30ff14b80a825820e39fb781ce13da32b81f577529b8f5130a9fcf47a41c8d90d89dd04483e3092c06825820e738084fd76e47790be75baf06776858ed658552f2ce61c1c69ef7ae816d36c1000d81825820a3af5b6809a2c7aec7120ce0cef76b7beecf0b19e62819f3398d5375335f82400612838258202b28e6e7be8c268e084622cfbc3cb54fe09f5628b796f0bb18f5031553aab686008258203cea390f392f166f779ddbce5e6f4caeb545cf06a84c79eecc98a0b283b0dfd20d825820951a9ef4d01fd52bd6e75c75caca515d29458a9b2d88951980581bdc00c13b090b0186a40058391006df88659b3d0783c8df59b41f9eea2ad3840b5013a75d415c94690c5b999dce280883d48fd9f3f029e8d2871832d9b96ffcb6241d048fa3018200a1581c2db8410d969b6ad6b6969703c77ebf6c44061aa51c5d6ceba46557e2a1413402028200582091036961992bb6191d7cca564c19280989692065fd392e11c59a5adb7de1eff103d81845820082040ca4005839201b24aa7e82da40466c9f4a5afa910b23efd6ab64d22d5d86ac0aade3975611fd46e14ae9c7f9249b6c0597185eae8ff9044ca080f39fb7bf018200a1581c245d5a7a06fe18358242e81281cd5ba9e6abe4efc54e7b659f25abaea14aff6c18067d8f335d1a04010282005820f08150b7fbe5530307cc163578c65a84930198e11c3b4dc4647182bb1528010803d818584882008201838204018200581cb16b56f5ec064be6ac3cab6035efae86b366cc3dc4a0d571603d70e58200581ce0a714319812c3f773ba04ec5d6b3ffcd5aad85006805b047b082541a400583282d818582883581caa99a1ab7af359e0d74445ab9d761d557d47c8c25bacaa91c15be674a102451a175d95e1001a503b1547018200a1581c9d939fe6d1735d3ce21cb5b256182629be12301f36888ff48c7979f8a141311b33d9a124ea19364b028201d8185819a122d87e9fa0a503044358791901050020442b816f1b2102ff03d818458200820509a300583900a2a428057f85bdd437c11d44a1b6e38ce9c2ff0330d8c190dca332aaf139af3107e9fb9e6a3ec366156a53c3090a7953bba7f781a977f87a01821b23faa1b02c2e0fb0a1581c31438c85161eb8bfa620893d5a5e7612d04f136a95c48e444d0975eaa1581ce7c9427f5ca79b4bc6b03ff97df5e64b32408deb492ba50070cc48960103d818582f8200830303848202808204108204108200581ce0a714319812c3f773ba04ec5d6b3ffcd5aad85006805b047b082541a400583911012cc3c6de9058581b2e2f6934cbd3f0c7844858a5dbb4f36ddb67d7631044f673fa96f34bafe6de5f0b03719a17bc5b19a7d42717539f95018200a1581c118383f4b2cac6cb2729f9ed37343da873d0e7e4f69e3495ec18f9b7a1413201028201d818583c9fd87d9f41daa44493fcdd88444b9e2096423c344403334fac430fd7b742eb940301ffd8799f9f22404004ff41cb2042a0bdff9f80ff44204b6d88ff03d81848820082028182050883585082d818584683581c4029e24126599502351abce28438733cdd93254cbc832dfb5d904cc7a10158225820686a797974757770706e69796878756c636f6671687a786b6b7a737a74676b79001ad32fc14a821b3f33540564de8bd4a1581c245d5a7a06fe18358242e81281cd5ba9e6abe4efc54e7b659f25abaea143f816cd1b290064b534fc9e10582046edb059d4038c8f328a793d6dc01b189c1ad1043721e950a9143ecb126938a310a40058392031c5dbaebf447cd79240b9c131d40d0b703e62f13e297bb7b50d7a82157656bf9fba90590be33fd443a6d37fe2521ae3d299f5491cb41ccf01821b14e4a53394676722a1581ca1ef258f8a6faa1ac047898b223e496356fd8f9f5a585af441dda490a142ee871b3a9a508d2f73e50d028201d818549f9f049f2342942bffd87b9f4440f3fa96ffffff03d81859013c8200830302828202838201838200581ce0a714319812c3f773ba04ec5d6b3ffcd5aad85006805b047b0825418200581ce0a714319812c3f773ba04ec5d6b3ffcd5aad85006805b047b0825418200581c0d94e174732ef9aae73f395ab44507bfa983d65023c11a951f0c32e48200581cb16b56f5ec064be6ac3cab6035efae86b366cc3dc4a0d571603d70e5820180820283830300818200581c76e607db2a31c9a2c32761d2431a186a550cc321f79cd8d6a82b29b88202848200581c0d94e174732ef9aae73f395ab44507bfa983d65023c11a951f0c32e48200581c65fc709a5e019b8aba76f6977c1c8770e4b36fa76f434efc588747b78200581c4acf2773917c7b547c576a7ff110d2ba5733c1f1ca9cdc659aea3a568200581c0d94e174732ef9aae73f395ab44507bfa983d65023c11a951f0c32e482040a111a00010686021a0001104904858405581c9ec5f28067edbfe5e6b2aca6f498f2281c5f035467251f6bd02c4940581ccd29a5e52714c0078bf77cba5025f90be5394a704845724f40c26ce05820a6550bca5b0c9cf93a890a2dbd3e742f70203a77bf52f4f61f68bc83213f85a68405581c08281dc59dc5fee2d928c35409d4cd5fc0216d6f159a89c29c1d4cbb581ceda1b8e0c8870ce8315effbe0b845bd4abf7d3521a80dd29b114416e582050cec21c964b6037295658278589ce58bf2f8a1e684ef2ebc6ba307140644bf2820682001a00044e568a03581c09bd11dbbc9bd35cab9ac7384a0c049b9662231e70c66290bfe8679b58204394b11363e0dc1bc8986f42c29c5566c499531157b33bd17907a548ffd95b211a000a5e591a000d9e2cd81e821b00082a35ae8f3d071b002386f26fc10000581de0b211dca28b4ea9856acf0163a0663ddd54854533b32fdf755df1687a83581c3cf4291ac5cafc87ab7bdf3630d82c587ee883caece1e305a04aa679581caaeb637cc1b25b66643145d455bd0a6e1cf0b4a4d819fe331e56d0fe581ccd93965e0c31a5546523861f70c0b689c2e87ebd6a4900dcf0476637818202783a54755648744130594243684b3274526162336a2d727036584a3148373644476f462e417771717a6b475137346f556834336a68774b692e636f6d827668747470733a2f2f595471424f786333424d2e636f6d4235cc82008201581c12a288ea389bebcf8af52bfde4014dbc36e66bf5c9f816872e93ef520e82581c21402cdac6c241eed19538deedccc3f252ea8198af0967aea55938e2581c78c41f988c751b2686b31f75f6a87c908910e9a76c06ceb7eaa003c209a1581cf2771ad88995646f9e403976307be5f8cc50241f432b2162bf0e1c34a1581831b5e481e4f71df1a0a6026690c128194fc55c567194c8453b60a5eb85d801ad090b58202daec8838fa0aaf5ac4e913075cab54d1359394182348556d02b2535364d320c07582004f55adba4587ef5eec1ddb5caeaa3b80241a86deae8ac7fc23a6a93f3cc396c0f01a50081825820509bce915bf191ff26dcf1bb252f8701fa02d9ff06a008d50804c0f235abbf115840e39fa84538d7586ec287d0e7b84a7352a50cfc9f635ee5e2c2158acdd6317dc6f5ccaa36795838ed1c910e06f146a3a3d777e10ed9f491ec63e0cefb60164ef20281845820f01041bf86fee0b1f737b1ddc5f07bfbbff64dc3ee6a3ad9b0a9071beab4dc0a584080169ad1997457752e33f828fec9ac63b94e8db8e832876aa61126697c5e11b863f1044094f756352013a26644be5fdecf133166336a792c3cb3e52a0f0d36ef404001828200581cbd039f956f4b302f3ab6fc7c4bac3350a540f44af81a8492194dd2c2820281820401048541bbd87c8043bf3b55d87a9fa5d87b9f24ff9f0021ff219f4002ffa34432fc1dad4159002242bd9b22230543afbe719f2443514a1240ff02ff03058184020240821b7952d27b2e9e66b01b09cce49e334bff3ef5d90103a200a305400c858167355233f3bca88281626a616152a4417264f48387ad406a68f3b2b5b91814ecb2be616c6818f096a190016c30406501f3b4978683406a5ff3b996adf0a1bfb67b230e010184820505820284820405820504820285830301828200581c0d94e174732ef9aae73f395ab44507bfa983d65023c11a951f0c32e48200581c76e607db2a31c9a2c32761d2431a186a550cc321f79cd8d6a82b29b88201818200581c3542acb3a64d80c29302260d62c3b87a742ad14abf855ebc6733081e82050d8202818200581cb16b56f5ec064be6ac3cab6035efae86b366cc3dc4a0d571603d70e58201818200581cbd039f956f4b302f3ab6fc7c4bac3350a540f44af81a8492194dd2c28201848201848200581ce0a714319812c3f773ba04ec5d6b3ffcd5aad85006805b047b0825418200581c76e607db2a31c9a2c32761d2431a186a550cc321f79cd8d6a82b29b88200581cb5ae663aaea8e500157bdf4baafd6f5ba0ce5759f7cd4101fc132f548200581c0d94e174732ef9aae73f395ab44507bfa983d65023c11a951f0c32e48201828200581c76e607db2a31c9a2c32761d2431a186a550cc321f79cd8d6a82b29b88200581c4acf2773917c7b547c576a7ff110d2ba5733c1f1ca9cdc659aea3a568200581c3542acb3a64d80c29302260d62c3b87a742ad14abf855ebc6733081e820509820504820280",
            "description": "",
            "txId": "66fa7f2044f49163a9d855c47b2e038ba30388443ff09198636ccb197304f797",
            "type": "Witnessed Tx BabbageEra"
        },
        {
            "cborHex": "84ad0082825820273351706e6ef46dbc539c15992a0184ed757d5d36136240c1f2bb9cd118b51f02825820cff4afb91911f78ca5404757cd9d9d71925a3237b0985af2f92b177be2199ecc090d868258205583072da36ed50061e5aa01fe159df24d1a9a5d4358a864222ca74079ae96800982582066ffc0ab3a8e2d831a595b6bbfab04fc8bdd8036aabaeeb6bf70fbbaee912d8e0a8258206aa9015bb788e6ad4fb808984b2d17b3c5bb46efa6f8d07956ae680ee46fde290b8258207ae72cacc4cf604a6e16b779cbc11152e186b30c1b8dbdc0ed03e62115374d340182582092a6f5871b0b224cdcac7cf417568a5a006882890eda6c7ae687f8a42c925ba204825820943ddd20c9b79ca1c3a8339c626eb8912217860ea3a45657e6a887db33acae0207128482582026517940a10df05ee170f02d208702a204b953a3e6a103561371da44d3b95249048258208448f4d4d2fb770c96af1ef11d3c1e1aadef86dff5596f2b4ac1ef3bfbbd79230a825820c4888f3d01cdd056e6279853ed9efdefa1591e4dc01cca3f7bd3ea1c70d772bb04825820fe424d4a3e9127d530e5c19dc20550c22741c73f806ce2255de3341354ab825b04018583583920da20a7af1db4f096a7414c7773af4470b97d4e04b0ac30fc728513d2aa41641eb701a8af7dbee014543e411a3887dabfd8206d1ccd9e610b8200a1581c2db8410d969b6ad6b6969703c77ebf6c44061aa51c5d6ceba46557e2a141340158203016d52c2885790084912c738c71fc03fab866766f5daed43457006feaf7e0d8a40058392103736a8f84e90ed929ae3a008be1300a3ae95a74b6a5c58807e05b535885216cdfde611867730d8c0df307a1b094ab012c59205cc3f2ad9501821b7b2f1ef3121497ffa1581c8f461954fe2f18fee1dca233f358907e643ff839ed1f995e4bf325e3a141381b5ae872156dad60ab028201d818410003d818458200820401a400581d607115f5ad63eb875c746301a2815f307aae8fa8b3bac71ecef9394d3a01821b188626ea23dfc060a1581cb23cce0e9eebd26f541db8b243d7c6566f79e02fe91f19f89d1a3fc1a15011cdcebd92c116f8c2f156f8fb62df7c1b294d89d252cb64870282005820e859d305a355c1850f899a79aa94e5face56448aeaf49df4ec51cf376342f13303d818582282008200581c0d94e174732ef9aae73f395ab44507bfa983d65023c11a951f0c32e4a300581d604fd4c71a1ceefccc7d50e19071cf95b11de8173a951db1eb27e4caa4018200a1581cac775536faaf39252148ecc6385b6cf4345c9b49ff9605cb90a64241a14c979194b3ae66519745eaabf81b554d6c9d594afbcb028201d818410482582b82d818582183581ccbbcf5e081952f05e75a5c9f484fab3dd70195e2241369a4142b443aa0021a428f503f8200a1581c2e12c5e499e0521b13837391beed1248a2e36117370662ee75918b56a1561658cd82a06f412cc0bc812e5f6fe6c6fa3e23b10ec101111a0005c512021a000cfdd103070481820682011a0004a00a05a1581de00c28003a7eea01474d84e7d132a3fc7b02a149f16646b5c00c5d5fe11a000ddb1908030e86581c2351fa8ce7d3554c867667a20196957f7c7c63b5fb073b5c6c70f5ea581c557e55d60888c8548f7445e123c65fba8c17a779b42832ce55ed429e581c5aac1b5ddb21ccc7093410a6c3354bbe97f62fc58487e7f50375d0e5581c5c7b3bd946c9ddf88a9857b151d4843f883094b240dd99e7df4a78b8581c9e882b906b1bc259a471cd0a72b303e58adaa11fdb70f04b0276f41b581cc6658c2111bfb66c9a4bd91505bfb85f8c69aaa3d48143f3a4367ce809a1581c467f58932b54910584a0e8ea25a225e06a14530b2e96e938c53a3f22a1581b049af8e0a7eb7f5d8157ef2b20a16a1e464acf9ce98f1c4857045d3b267f1d203b8796d50b5820c2a6848f5bd326d90b7ba2df7691c7654d88acb03e671edc942e4c57e494c260a50085825820c787f93f963e2fef6e24bb6124b59c284562ad2afa92f452a278bede501e6acf584095750ea610d09c3e3a9ba3e4ae47717ac5131209ef71fe62f29836ecaef7cd26799d83c5335fd2308339ac5b194b04801d5ecdd35f760d2363040615506e8e8982582009d43d9803648aa50874f748d43421cc72a515a576fd42a13bd9019cfb4b4efc5840505bdf7ef7057fbf1ee9ce580fad2dbb72848526bce366c50a7d4a0f62bd84bc4aed38b0bb9b8b0cc31d8bfa9417006e2a6418ab5ecbebdca4b3ce6bf6a3a8a082582031ac883a697127305790c525311b4eb444ca3113d09021f0b792efa032576bcc584086d2e41cd88e9489c430f7390c8375cbf3b95f63ba4d630ea03dc27b57bd7cf45aa9d7de1857147cdd378192eebcdbc037870d590951f64c202095df2964acea8258206839cd42ed02a7fd1e4ac3990b9bd86da6514df1daab83df1fbd15b3648535575840b16da1967c865e747c534205aae93d39091e5953198b372e7c164be688cffc5b4979a0b70bad2656d87080a0b7bf5f986450ff734f8ad7b54e770b72a71924fe825820dc01e56289eebb536a5e020d24a1b667afd684e1c9187b22cd01c36690eec70d584016cb94c2ed3863d50f387ef2550679237bc0c81990f49c21b59f726775d67171dc649e600080e36bf22bb1e8eb2c422845867f1eb2b3333346738a4966a4c638028684582031b156094d4d7770ad3ea4259312e1061a1de67307651813bc0de594bcab457158407023a4e1dfd1f64b096f3c41a7441111b93e6068f6158b35867add9d8df4a981f5ef173fc1d03ef78852cc51bb42907dcfaf0811104e24ea4bfd57f48c11a0f94043b39ac7845820b1a7e85144cec7c8374e94f8d86f359d25807c4836a9c8f9f0b84e1adfc7c63e58409aaf4fa88649ab41142d919f1772bc384737e3be1bf548b80dfacc9770ea39e85c5de746c3cb26393e240617f60d62307e669df8d94fb8a124a13a8aa5ad078a419e41ff845820d85101b0d97d981697f0033b1a8c80680b53c1ca6b17e5f0502550847c76cc0e584013f0153596e3663554a60f5311977466b24a72bcd1c6d5f73888afc872decf72d3b615a23c96457285d302ff258281684bb9aaf1e737f4835b193aa556b5bfff444abad7d642d6a2845820311e216ad7f1a27d48849518d8d3bb8aa1aef31279e8ac30b964cc1c5f77cecb5840612bdb213fa18b88e6324286fa4aeef3069518691fbc70b1a7af32128f589ea934513a7611bb5604521f62c0bc7a801b05815f71e78e6c5d41b58867b4dd18c340408458200f0ca2c35f2ab5fe5701efc0a508a426dfc99b3297675ea860a9c0185421dfe95840d8f79837f1a36bc0671336385c219c286e1ac583bf818244814b1018a1e3d6d7bd267ac0a0748d3d679abcf3b6abd91bca88be428d6b40d0067c2058b98a4a0842aebc43984b20845820b71e136f512db6a9dd67be4655ab09d39b82c657f61e40f651ec9da870424d52584023ede34c1c86f1b88c228b17f2631c4a3b5e2a5f04ba71bc02f3f42414592689de823e56d066a64ccb14ab6532c2cebc904f291a4240ba5223e1104d429a72ac42665541fd018482051082050c82040d820184820501820182830300828200581c0d94e174732ef9aae73f395ab44507bfa983d65023c11a951f0c32e48200581c3542acb3a64d80c29302260d62c3b87a742ad14abf855ebc6733081e8202838200581c58e1b65718531b42494610c506cef10ff031fa817a8ff75c0ab180e78200581ca646474b8f5431261506b6c273d307c7569a4eb6c96b42dd4a29520a8200581c58e1b65718531b42494610c506cef10ff031fa817a8ff75c0ab180e7820180830300828202808200581c65fc709a5e019b8aba76f6977c1c8770e4b36fa76f434efc588747b70486d87e9f21ff42bbfe41f7d87d9f800440ffd87c9f8021a39f21ff2343ba6755a201004022809f202023ffffd87c9f80a18041caff058484000541df821b04c2d622ef1cb90d1b7d77ecedd526d9ac8401079fd87d9f446e45939941be05d87d9f420a2a01ffa4054469c5ef0e44867a9b9a04419240446d8275f0426ef8ffff821b487aca54793ad2171b59fb1d14ebb2293a84020101821b7ff4092d71a940c31b3d02764a364fc9b3840306434efc0d821b56f369b8392b179a1b001070d3446980b2f5f6",
            "description": "",
            "txId": "0fbb99085b92165b1b32e01232b39798eacf0093614d77eaf6fb517a7fb85baa",
            "type": "Witnessed Tx BabbageEra"
        }
    ],
    "seed": 1986993722
}