{
    "samples": [
        {
            "cborHex": "84ad00800d828258200f2ac896c103563d993b20b708aaf600aca9b913d9bb1f4c747590f54ba263260f825820a6e0f6ee9c95d8b2203617cfc30ea2341365b0ea198f1a10f191e74107a14766071286825820098392baf3e2f7737959bd8656126b0200711ecf0956b6c09cebb3266da39e080282582015ab479b8f6ddfc2c46d405c0d7a0f3505e034b2a3eade54576eba437f32b53f018258201f5305bd3f11c6255a474de3afce3d2bcaab4dda9884710a2baa57ed3753023100825820a744eb740cd3343b73f4d908e8fcf487a773bf58f4e2ec84bccdcfb69f093c790d825820eb2ecc2b394f1bc85d0efa1ff5866428e2ddf2b65ba8615eb7d3e87de298147f10825820fdea609a1a4e534b7f5c65f64c3ddd566b5bac95bd39a5a2a05b688014a316cf020180111a0004e1f4021a00055ec1030a04818405581c98238446cfda49b29d0652a91d9785e800930b51da4734c1eb25b40c581c6857aedf771dd31d52f157db4b2d650177cb303243f897f73e938f6558208fdeefc316c0b9c0b8e581c13436515e965193a26be8479624311f86a50ac01005a2581df0358d5a74c5ed44007b4b0596bfdf656dc42df6dd0c1b6c5f6367f1631a00059aec581de01f7b88960c941755a23d5f6b440ead4bc86a029c57c63a183aee1c9319884d09a1581cb0c53e2bf180858da4b64eb5598c5615bba7d723d2b604a83b7f9165a15588adb3585378bf58467c71d69ce31f89f5e0f3b0341b5529f0f0cb659af90b582072463e7953350d58963c3e288d5170fe8482150ae3a71500868fd92a7ccf55ca07582039309e8242aa3169f742648adfdcd742c0aaa17934b2a51cf41c60e0ac5b34120f00a302868458205ef81ad9474357159e955f518b4820c9a7ee9e0e9f7c4577aadfaaf3af846b8e5840545f080bf94c991925a3208ac453437482225687c474994decc34631c7a42840343344188198e85338277c0704d221e002842ea498dbe4a6972d3206671af6514397e19043e0826b845820c1d7f3f7157606b3fe21b96449d826f78228612962c1520583f699d137d2101b5840d1f09426c44c723e5d3061c5abd1d955c31f1434621817d8f3724ba56bc275fd26fa269591a32c6081c827d781b72702c138c26a3c951c828f3a6aadc7d08974439169ce4470336a33845820ca30587eb9c167844c6818525e7e760d50bdce38655f8883705a4bb239894769584079b0397aa55197fa23efb19139e30e2c12d622f4c29114ed2c2175232fe1db4320ec3da0b0a33c8c530b81b0d6c778147e061820a9d7d828c098877db2f713a1456af7f761e440845820d6a4770600fbf64d8c4946c5cbd7fd800183bb48c371414546750e3b28c2dd195840546d3c7a4642238b2848c0c58bc218909c4f6e2aff76b00b122281f5e384ee738df5b7b223d73be38f793a8b8be7f62a325451065aee8811f7459e07d59748d440411e845820208ba687dfb06a3e8d9d0b1361e3c5c1cbaefdc0516c533fba58e701c44c71a358401e15b144c6ea5efe36a28f88d089656a56b56f21080670649e9a6e97c6e89bc3819cbff1252a2659fd1b9495153d312855914d114ec0d6971a1744497b9e590b4040845820abacd86fdc1456c54468cd5ae4818c72fdbaf193fd2d14fffed5559ae7579f8b5840a7b4c71ba4596e09ff205d9a7bf56260653cdfb746a620dc678b5ddd032b71840885d852031ee3d053a9a4560de3967daadb35987ae2f7ac409d4a0c09ded37741f84134018182040f0483219fd87e9fa344126fce3b441bdcb36c0300044388bb2f9f24ffff02d87e9fd87c9f426ad7400202ffa0ffff41f2f4d90103a200a502a380a26550ecb6857820413200673c6665f096a78b459c332a6663442e517d8a613604a1424346a12245f1b11c6b910c68f0a1a3a868207f1e0f45c687eb24e01082a02301838202848200581cbd039f956f4b302f3ab6fc7c4bac3350a540f44af81a8492194dd2c2830300828202858200581cb16b56f5ec064be6ac3cab6035efae86b366cc3dc4a0d571603d70e58200581cbd039f956f4b302f3ab6fc7c4bac3350a540f44af81a8492194dd2c28200581c58e1b65718531b42494610c506cef10ff031fa817a8ff75c0ab180e78200581ca646474b8f5431261506b6c273d307c7569a4eb6c96b42dd4a29520a8200581cbd039f956f4b302f3ab6fc7c4bac3350a540f44af81a8492194dd2c2830300838200581c4acf2773917c7b547c576a7ff110d2ba5733c1f1ca9cdc659aea3a568200581ce0a714319812c3f773ba04ec5d6b3ffcd5aad85006805b047b0825418200581c0d94e174732ef9aae73f395ab44507bfa983d65023c11a951f0c32e48204098204088200581c1920e782f048e9ef52acd89c4341a89c3908c6e046ad87c474fffb488200581c76e607db2a31c9a2c32761d2431a186a550cc321f79cd8d6a82b29b8",
            "description": "",
            "txId": "05178eaecf6e6ed4a55fe77f56944a7210ec0f369befc671838976a594a1cc8c",
            "type": "Witnessed Tx BabbageEra"
        },
        {
            "cborHex": "84ae008382582075423acd0a17f3865a7db0a2ee85be6817443ea0ff78aea92e62dad14beed3db0c825820d10064625f2b960c664f258229813951007f2a4efa1943d7fa49387707ed14a900825820ee3d745605e830e5ade6cb9e705d2d9d6538b8d6f329c108305b83135eeeb66d0d128582582039a207e22cce9eba4930f7ea5348ebd43b5a9b730b4c1a4092b7fede7b6c1feb0d8258204c863ed932868941883ee3a0beb6745f4d35189cbbb88c2a9263603a38861686058258208bcb52c15d3bfa51b7a6160220328c2db131ba6d58074635703e84259d1a381f03825820c91bfe1f137fcdf3815c50cf767175fbedd6c9694f642b1fc9107db38f58e04d01825820d52da37d39d38aa4078e2da11864f9c2b5f28bc6caec55687c1a081b72c840280c018010a3005839205531abdc25ab724e2abbf6711d3ca949c5326338e96b66ce9609b1a0a07a1066183db7d1f553bab819f84e8fd1144890628f4a5c670cfb4e01821b7710a347a515f621a1581c2d725128406dc832eb74c4709aca0512499b3c7b17e00d7cb2e6d1b1a14df8985bc17873bf7ee313029abc0203d81849820146450100002261111a00056cd2021a000459980302048582018201581cf4e3fcdbbdfc433cc86bde2756a62334f3dd240a132c1dba2519d7188405581c9800c894627e4ee7251ac3666108e9034a96af97c3f6bd0a3413c2b8581c81e86165bf1ee50cc800ac221510731cf4de91c158355c3fdf9e32065820c91cfdc88a7742bd62cbca1340baf4e991350a24be0f4da9c4937cd7163cf6228405581ca3cbf715e8ad1d2bfc97364bf923b63f402f580194709ee9ae024423581c23235d2003f97dbd743b8e752e9f54c66ec69a053dc2df15dd656c8e58202c7b81d5b146e57a14b4a9a48041f76ec5fc35d8a74d4e1bbbcecf416beebbeb82008201581c187a16711cfbde6bdde8712a7d2cae4f4e771a8a6f25b9d3ef594cb582018201581cec7e04e2ffdb95f119883a6f42e4667e4b0700ceac3e9d721f8d3e8605a1581df06fabc1f8450913cdeb2825fe6b385fb72c4845432a38672b362aaae61a000d9b4108030e84581c2d92cb6ac27ea1e7ea65fb24d45ef9e06dea87f7706e44d163a191d5581cb99604828d610e8fbe9dc818803f8039696204b972f9ca1433808052581cbebac7e5ea6b60843cf736bebb4db57d5865c63774eac9fdb945b7ff581ce828841a8493db7af9bd9967660a5669ade615be5356cc765c272b1a09a1581c4a1c412d8e2b3015a7fb7d382808fb7cb721bf93a56e8bb6661cdebea14f7760402fb322f3c4b12b40ec3f1c611b6661a2045893cfcf075820d83ddfb52f49036d5db2248ca89420819dffad44f56523dab12355bd2333d8b60f01a50081825820b316fa41b5ae2293d0249f6e700e7989f0d867048353b0e646d889c4b8ec06e658409cc82055643ba456fd477fce85618470906ab767deb736cfb9ae95f742e05e3fd2e944976c74c4b3426421a7fc49fd9dcceda13c579a79e8421cb3351264bbe602868458204d000395d1c36a84bf17294f5e13b9a82cc71705082aa5a7da043d77105450345840e2f1b9061cb9cd1a384cb38151939b24a8a2c2147417f990e99f75104faa460eb18fb8c63196ebf0b966eb1fd62bb133bd18669e881d2831e526a9ca24d9677043dfe10a44092ef6838458207ad8abef023a3bc0955baa160d656539e6fb486169ff3961ca00d470041238cb58400c5bff1da06241df0968299adad5226fff062467bc51d442e98df338a6d8e5b9db978caa2af8863dcbfc41fe6ce9e20517ab4712c6206052f85b701edc5dc33b419a45083e98755884582062c06cea67ac60636c172c4f8ae0965d1728e087f03270f2ecb3e363ba9a8a4358408f175c55e8f749c38c498d32750fa7683a7e6faa5ec5a2202de661b8e1e257391c938264803d88b837e6a543e8fca742c06eb820bbc68b8f77aa0ede6db2731b44367259e1425e318458207b09a3a9af5e2a306b6dd0f8f1bb549c93729c7db4aadf5a3324a5ad86135915584042ac88c65d0a0b1c8b7ab55c9e15a1f0a883578707ff7c8dd5e76d70b5363cde714f8ce9e19b7a2aca49c5a19d682823146053745a200c038d97b7f83d27f88445801c735b914161845820487d65fcd2cf43a383e726bc3ba47172b2932ecd616e9b5f76e5eacf9f855c525840e9dbe03e0d8d78b8f3d6ec1d6149a79f141e03c766c6eeeb5248fad6c555f9c3b0b3749aedef7229052654faf42c571fd76c0315900c2fcdc08edf9212770cc7427dd343f2bb648458201b854e7cf28c088180658a4b411a5452422314f10d15799aa06b458f572c91385840a41f442b73a278b1f3f7a98740bc107808b389e2c9116b0a956a861cb3599e2bcf1b50f2011ced51eb07b5607f3566388d90f6c0bc418f1356b22cb28e10395341874001838202808201818200581cb5ae663aaea8e500157bdf4baafd6f5ba0ce5759f7cd4101fc132f5482040606814746010000222601048623449e48fcda414804d87c9f43af09e044f35b5ef6ffa0f4f6",
            "description": "",
            "txId": "de25d25e81161bc524d08e65fc919131b6908181000bb2e97f88b88d2ea0e71d",
            "type": "Witnessed Tx BabbageEra"
        },
        {
            "cborHex": "84ad00828258203ee8e9c0bc20868a5a4e5abfdcdd1c478d434664946b08bb6e3646854c20112c04825820eda6743586c78e633a9755c1b7ebe4d8f3e06a9e9aae2f54812c55c1d63e3e11070d82825820e2a0bd4b1ab90c9507831ce27e974aef3f8a5d8bf817a8ac4a933647c9c409ea0a825820feaf981dba9f9d2b9a1f1115df525cd167c99ac03e1fba99087dd19099818f87010181a300585082d818584683581c30a49e50bf6e7f951dfd221c453f436b23c7dfe46ea4a12157656750a101582258206565667269766d6762786e72727a73617475786c646d6c7a777a726e7779787a021a2d140bee01821b2e4b1657aa7f80cca1581c245d5a7a06fe18358242e81281cd5ba9e6abe4efc54e7b659f25abaea1530436a205e46032cb9988a557b75af5515829ed1b76c4d94fa2a392e903d818583182008201818201848205098200581c65fc709a5e019b8aba76f6977c1c8770e4b36fa76f434efc588747b782040782040310a400583901cb2521560d716d5cbe2db1779e0e1538bc24fba8013694e9068bbf0caa193437624853e854618b2bfa05da692130f5b36497f2dd4fee34a6018200a1581c4fd34d28d270ea5dd657f23d24e6799ce0359a1c248f3f6bfe5561a5a14efe69d8c88b2a1dbd1dae68fdff7b1b5c04c0a1dd6c27e2028201d81858839f9f01d8799f22447067f70b428fe943603ecaffd87a9f22437424da21ff9f42d93a2105ffa541d60302230443589a3d224439021a88054237d2ffd87c9fa12241540203ff9fa4214043373a97438b9c2b032401414b059f41ac400424ffa340425d7f20444ae9461342886e05ff9f440e65feb8ffd87e9fd87a9f435d805c20ffffff03d8184b8201484701000022200101111a0002040f021a000e98e2030304848405581c54f97291841573ab0a9888745c257bb2d6edd8fa01f954cea4fbf3bd581c76b26c3b9b9c1042ba1ac867c7721d3cf1eabf077fc3f15e26c7c38458201c9eb2d3fc4da31c8f423b360cc9ce9ff9f1f48bdccf430293effba2a04b3d028304581c6b6cb07a6ff811e4eee520df2eccdeacf0219244beb9d65a5031b26c0b820682001a000b547e8405581cf0a055179f6c04572141214e77a6286a52c0c632cc24e80298091275581c2f89413848ee95cafa8d0aee49efc992a56af8c40acc309192b8a99d5820580169e941d87197369f794719060c696969f3e8504b8d684e0b895825bc37d805a4581df0836cf67daa50957161c1c3b8f986a391b6e65bb0f7d461245192b4da1a0006b319581df0d97127cb20b018998fa023ce468da0393a10599eece79718b018b2b71a00057ea2581df0d9c7a38a67ba18bf9a501c3f6ce12e21e8553eeeccd20f168c1d3a4819d716581de19e622db20b2399693e64a349fbe3549bdd7c01f467c55e7e8793475a1a00091094080209a1581c59cea8b9ee134e65d4abe9b66b8cc4895181f3abd9920dd2cc241c67a152e08873e5d86ea066430f4f742d37884d9f2b1b4353c0b143bd966007582023c6896aa627561d22f5a1adc95ec8eb8a87ecd6dd10d17e56dd81271ea709160f01a30082825820cc5f112cd888781727c62de082252f31b20f8625bff5541f785006e99b8fa9145840c7d3dcef746b1725fd75aaec918ce7e89d2abcce5374540ed7666f15962af427df41243de2520676c45de0fe213b76a7cd3f21bd42da1908cd9c2611732ecf34825820db71c3f1dc8ade21db0aac367b1ec6a8201811367028fae7d36bd2e6201e500e5840c121d9112d49744470490a91cbc0e876d45d296357ec8e64c9940269058d9b99fafb43819b658d678a39bfd7e16cb3b74fca0f0822067fdc732470c1a1dc9278028184582090fa60db1c8b436f591d6442c1762ddc42a5e2534ee3d07ff5275dea89f5ff0358404671552088f37fd0a89c5dbcf580a3164dbfc5f39f3bd0247f32ac4e698f461822e4495cfb3c2dec78d00b4a94c2c7567423ebf19da6e0a78b0b6fe12a6c956244a9c0e17240058484000123821b66b06a681008ea4e1b3d76a96948f1c279840003d87b9fa3d87d809f44fa6a3b54034040ff21a1220180a0ff821b2260ab619261d9621b55805f3707bfaeb4840104a39fd87d9f2340438215c424ff209f42ed2920ffff9fa44044e0d5a9ec44b98d2e9122200143f5adaf42c62042ed2fffd87c9f0222a1428c170121a5400101000444ec42a924024000447ff2888cff426ab02280821b621231389fcd52ec1b02f8463d4e03201784030402821b5a757a7e6b6718a91b31b13a9e34b26f24f4f6",
            "description": "",
            "txId": "4446d94dcbb275492a0b140c3da7654039e1f6a388787136e69ba09a598ce728",
            "type": "Witnessed Tx BabbageEra"
        },
        {
            "cborHex": "84ac00848258200483a01c9ca852aeb90a57a85f741edbd0955b84bfc080c02823948b983644b5078258203ace3708c68f5d201921e7fe541107b4e34d6a016f7f5f1cee67adfb72be91170182582072e25f0385180facb9a629046410b216ee8f3161c127d9546dfb1ffc50be45ad0f82582074e607e4f42d36b1e0606c2f08b2583cc365832977f7e01342b6794e40c19af10512818258200f3668e70277212259682283af3b970efd186a417a921feb81718ee0c50dba3a0c0183a400585782d818584d83581c84bea95023055fd6c3a0aa34afcfa7cbd35e1f9c9ba81ff98262db10a201582258207a75726e71737a7975686d6e6c797676726a756f666b6773656b747a6e756a7002451a9daeda30001a228aebfa01821b712cfe861f974e96a1581c245d5a7a06fe18358242e81281cd5ba9e6abe4efc54e7b659f25abaea141341b098447d86801850b028201d818412103d81845820082050fa4005839112b799c9d75d65c0ae39e56ee464d0171dbe84a5d9a9ba4015e0174869be10897f68a8318826f1bc32ac1db97504dddae2e108467b9c0316101821b5f90bc6b3fb85a63a1581c2e9d778c027604455f0a8a3c66510da7a0cdd249a0ddfb9d3bfe0185a141300102820058202e515d932d33c19c349fdc74662f6d28283f03316dee146e3d7250eaa716770e03d818582282008200581c76e607db2a31c9a2c32761d2431a186a550cc321f79cd8d6a82b29b8a40058391021732c9f688a2c97434cd0e98775a35807b6ef4221050f3a3c2f6521a2eefc1afc3ce06108ecad7a6957e9295ccd1645f78ad99e8b45d845018200a1581c46e68d1dc4a8baa365274b3d1aae2c7c442eb96639f41c4ce1268ce5a1581c1dcbd49674f712c6c1a0f7e7137a270b2cd805ec7a1f385fe66896081b6ee98819ff1425ee028201d81843d87d8003d818582282008200581c4acf2773917c7b547c576a7ff110d2ba5733c1f1ca9cdc659aea3a5610a3005839216dd031217f3a4f0fa5197fd8d1b5bd42b90ad2f3fd31fcb87182ffc7369774de2eaf09f07dbbfbc51409ddb9d5437ce4d69b5794b03b5401018200a1581c501dc8c8f8be406a157cc31698dfe851385f5bf3c70247e327ead72aa1581bcbf857fe64d476e05d77d2bbcf26221142201eca570bd68c2bbadd1b24e9c192c46955a003d818582282008200581c65fc709a5e019b8aba76f6977c1c8770e4b36fa76f434efc588747b7111a0006a20b021a000c2a76030a048183028201581c03328cd72d34fe4eed5269aeda73347b6712047f4dfb612caf543c47581cc0d13d94932d2ecb7dc3d021cdb10fc6b6b7bdcb33db32856902693305a4581df0713a6aa0e84f5c5a0b5049314c9153bd457b8c168f576fed557925821a000c1ff3581df119a3f3ec019522e13bf83f039d636be4bf3c20264051c4beeb26a94a1a000256f6581df1d258f5a2a5792f640f5fb3e22729901e6f50dedd99de7ec46ad870531a000dd522581de15408a8f4ccca0f70edb2a30ceabf044143e01f17344909426d1fee801a00027fa509a1581c23df1a9d3f3b2194405f9ec53425ee846a9ff22bf01bdd4805b6e127a14cc5c3f3512a361a10f263b8931b66ea527884c098080b5820401e3cf1694d7c778896abce1cf8e3f2f447caadcafe72c58dcfcb1cf57f29a90758208a13a8b1c26f6821da672ec5278c25c5b03177fdb6fd2e9d294cf3c611910b79a50083825820e46d8a7734b9f3833e91b0a1fc530de513dcc568ced06215e5e7e9098d526e9558405b9f797a11a60ed28590bafffb903d90f682645661e7ad573703f63cfb19d357c4160fa4375bc6e1829a9e7f49a6e3bd8960967ab3f1fe5acabdd6266dda8e29825820e290591719851bd928e2937cdca4fcf8e46e5886433ba335bb4f81b70d4b58ea584068af57b73b20636518aae27812242bb23467b988bccef4529e69d7199e9932468449446c2f7de3dff150dd17c1147c32e6b8067d3822c569a3529f22f3f3299c825820e5e5a5df8aa22257a11fbc1e2abdd99053b0d4847f384958cb63fe10b296527f5840e4048dba10042ac4f18ed5958484529ded376d1d55cc1868658ec6940b71e41143a9fc1d85e194d5204660ca86b2464a70fd1df87e5617e6ad3f08aace0191e40284845820ac3907a159a66e3111b623c6927e3443fe4e13d4cfa2b58a495f848b1b6f23ea58404fd68e8acc9b43b20e9d6c982dba5afb1f6d50b68774fb2dab6624e4f089d2b1d0747d952f3c9ecc7bd6d114cf396194836638a95ef814ef5979aee28a4ac4214126417e8458201626882f8f83a8924c8b329de6c6ec1b202d5d50ae9084ab73ba1a92b2e6a4425840baeeb56acfa86c421049bb610ac23c37ccdf17237292fbc90c235018fb795ea1a3fbf5c3484feae0a2992714eb2db81748e50fb7b9f742ee86c9a788899571c044e23b9ad143c77a908458207a415277b234074d5776b6f5348344348bf0df71b5fe520132613294dd87534c5840976f9949b75d10fd4092367820b467217373f4bdb121e34da0651eaa73e3312855f2f3a1c98d9caf5b457eb9611aa9a98622b260867e09ca62875665e661362d40422771845820423a2a9b2f107c53b8b1f80fc171cfbc08d32cdc511c41a58e044e07176be4ea5840044780e8b3cc8f73df6da3531af14629b3de7d0cc06c091cc520dfea0f722dd24fbcae0987d6b89404cac42857f22d5059faf3dae9c0807af5accff1da85895b41ec4260af0185830300808303008383030080830300818201808202828200581c4acf2773917c7b547c576a7ff110d2ba5733c1f1ca9cdc659aea3a56820403820501820404820183830301828202848200581c4acf2773917c7b547c576a7ff110d2ba5733c1f1ca9cdc659aea3a568200581c76e607db2a31c9a2c32761d2431a186a550cc321f79cd8d6a82b29b88200581ce0a714319812c3f773ba04ec5d6b3ffcd5aad85006805b047b0825418200581c3542acb3a64d80c29302260d62c3b87a742ad14abf855ebc6733081e82040482040982040c0681484701000022220011058584000580821b5d1c7bc43f3afe6c1b193ea01387e6861084000703821b2fd565f68683df531b309774fa5712882b84010324821b260f32eb639c00071b00a3306cba18de50840201d87d9fd87e9fd87a9f24ffd87d9f002143a7e44d2002ffff9f80a443d72e1d230344bef8a7a801200021209f02ffffa442bd91449eb67278a122239f02ff014021a12101a29f4002010444c86227d8ff416ea242f7ab242140430a5c08ff821b165b4d7d20532f001b6eb8a74274e311d5840207a302d87d9f05d87a9f020143801c372122ffd8799f410541a3404317a04005ffffd87d9fd879809f02ffd87d9f20ffffa1d87b9f0143bc3520426c3f224395fa18ffd87b9f2223ffa1402024821b54232184c6e587751b7240b9f3b126519ff4f6",
            "description": "",
            "txId": "5128751edafb10be20057092a9a2f37618d14b8ecff5f23608fd4785afa2825b",
            "type": "Witnessed Tx BabbageEra"
        },
        {
            "cborHex": "84ac0086825820535049e36c627c099c1d67435c285f4bfdec84ffaacbecdcd2fe78d49464b64c098258205c3d08b6c9aa785f9124e63c68acd2d222217a4fc83b8a6018b67357788f4cb301825820b33f936de59f51dd00099c382facbc8a5ee2e8cf812ee3fd6bea58cdbb35fa190e825820b814007a7ec346d8a2b6d731b5e849b49efb72e0652d2c98dc197a460e1097170b825820c39233f5386604cbe056d5680fce90cdd9978fe8534006101e44a24c4cbb396b08825820d1bced41c9a34bf8abb1c3aa1353cdf34113bbce4408ce82b8cb475f8cf6c6f90c12838258201989f0faf8e795503ed8439833c63488b96fa9e0fc8b09d107854473adbcfe460a825820321eb2ee95b9275366428b9a74882aaa154ca25203343d1fe4619e4a7131c039048258203baf51de1e80e5b2b8d1e42b84eb25c29ed2b036f09f72388597902cc66821040601848258390127173f8741e0a4064bfeb602ce7a4ad723c299d7e9bacda7ac842722469c6c4becbadcbf9f734bf48b8a102e027c6502a59ca04da3b14050821b7ac350180a940f72a1581c467f58932b54910584a0e8ea25a225e06a14530b2e96e938c53a3f22a141391b2400cf0cccb80a4ea400583931a0e935eff983fb1e62f24e68f11d2745da31468401ec55a32f2dfd6504abb716bad5167dddaea068c7e39c9a73b7a65b69bbb47fb6986bd001821b4246a788035a0b14a1581c5407b3f44ec856eee5554838b66c3a42e38046e99eaaa57e2624b5d3a14e43c9fa96a2d3b8cd095b389a00bc1b56d4bab8415d96bf028201d81845d87a9f20ff03d81845820082050da400583921a9074db8429741f1e04061bfd17adf38d11952ef5b2025e8a76f249618f4f944ac621ad9a5db91094d2e8ea0cb5b53f337076d27a0bc7308018200a1581cc0b017833185459a89c26dfee8e5b9b95670bd24d2d1f7a750ce70fda1550604d4ccf312c9c2c7a6d30cedde28a3f5df97f5f91b3319dee405c4eb6d028201d81858319f050141efa52341379f23415443c5dbb424439231aeff009f400242fac9ff9f447bd6048b434080dbff4002d87b80a0ff03d81858268200830300818200581cb16b56f5ec064be6ac3cab6035efae86b366cc3dc4a0d571603d70e5a400583910db9175e77e8bd14e6bc32fe3fd96d7cfc13cf93df600d40445388d6a2f8b8406eccf078a6617c8dd1f05081d3a14b2f49fe3f5dc09a5533701821b0da2b358e57f1643a1581cb0c53e2bf180858da4b64eb5598c5615bba7d723d2b604a83b7f9165a154bc47d7d9186b67a24ddaff688d3bc45b0ddf674001028201d81847d87a9f0541a8ff03d8184b820148470100002220010110a400583911ec5b19cccf0d1db1a05e116a9a7455d8a10e98fb520a364722b73170865d6152142abc39ba7fc127da6dbf281be21a4e2dfd2bf89c7e993a018200a1581c467f58932b54910584a0e8ea25a225e06a14530b2e96e938c53a3f22a158195b21d292734751b40a6927b2892dddb24734f10c6db290c8c71b4c3ec8d7a5c9966c028201d81842419303d81845820082050b021a00050815030a048583028201581cb687a3fad2b287c1c2d50f4544a645c54e4290435a848c64068f01a0581c4e8d7a45a54280f089449abd6c4e2106ff97b1c8d3d61993e7411cd683028200581c3c684108bd021f1e5604b04cf61ceb1ed289c3e56e4960610cff88e3581c2e4b23a1f8ca7748720639ca152ae307cab1bee97fa62b80050bb6758405581cbbab84065cf4e58b1e5766a3dd081876e1b96216380595c52dc67fba581cb3a5139c67a99b4f2f7408636ee897260f41390603064c9898c191cb58207da9583d8d7c12e0f3ee250b5e2ee2e620644c16d633c5663e5a34ae5ffdb352820682011a00041e3e820682001a0009877f05a5581df11aed3720f49d4fb092b5cca0c9af817e017f531b19eb8064537897ec1a0003cb0d581df11eff4dee560c811bb9909324cf278b0ccaca4967a045a35df70291e51a000f2c18581df151befd4a5f409da334e0d6497d82786ce079b6aa7d5e04c9cfa89a021a000cc4fd581df18c6bf19482647f094402d9cc8ddebd83a08adb2ee5e4b23120ebc9901a0005f9d8581de12040071b8c12abcee89774fb5499b46f219cc981f6005894b1f1866c1a000842bd0e82581c64f9ca5408bfe0907a50cc075b2e3b1c964cfe1e5b9bfd72b6c5abe7581ca17c342bfce7dbfddae7fd117555f95f54033b8eda6e7481d486745209a1581cda118a4839c975787c7400fc77f6a2fccc219d165371de56ade18506a141313b0d25f44662feff8c0b5820e2c3ceac76697f32f37e0e55a2ee385190f3110044a73a21c8e531f164d8fa6c0f01a40082825820a5eb8c8cf5b57c88866606ca8b0601e4a498985200a467d6dcc9f51e9946e6e858406c60ecdd6b682fc71d4df0452e15095fc366a26896296c94b48cacec76a45f8e09fe55a95fb289083fb4c9b78ddf5f823876ede81b90d12e7dfea6e31558e2b382582098e12d626809a69b286f22fa8318b7b7b04e7405f92dcdbdc0e3274e1f4a0f7b58403ade7cf81e6296b18863ce98be5518d49b9a2b46f94934a7f48ab927f30e75019eff3246471aaa830d08810f588c22d3bd5e257273af0d3ef8a250399c55a09d01838205048201828202858201858200581c0d94e174732ef9aae73f395ab44507bfa983d65023c11a951f0c32e48200581cbd039f956f4b302f3ab6fc7c4bac3350a540f44af81a8492194dd2c28200581cb16b56f5ec064be6ac3cab6035efae86b366cc3dc4a0d571603d70e58200581ce0a714319812c3f773ba04ec5d6b3ffcd5aad85006805b047b0825418200581c58e1b65718531b42494610c506cef10ff031fa817a8ff75c0ab180e78200581cb16b56f5ec064be6ac3cab6035efae86b366cc3dc4a0d571603d70e58200581c4acf2773917c7b547c576a7ff110d2ba5733c1f1ca9cdc659aea3a56820505830302858200581c76e607db2a31c9a2c32761d2431a186a550cc321f79cd8d6a82b29b88200581c0d94e174732ef9aae73f395ab44507bfa983d65023c11a951f0c32e48200581c0d94e174732ef9aae73f395ab44507bfa983d65023c11a951f0c32e48200581ce0a714319812c3f773ba04ec5d6b3ffcd5aad85006805b047b0825418200581c0d94e174732ef9aae73f395ab44507bfa983d65023c11a951f0c32e482040582041404842180d87a9f22409fa443b4432f40224142444d49132942622c0304413442b09343185c7dffa59f0540ffd8799f2440415eff9f22429ba442e0752142f37eff404000d87e80a04204b743ac7fdda3d87980a341dd4002220200a544fb2ff2de41594441b7fca243d3fc1e42571242852e42bea044c663c4ae402301d87d9f23433327284207d4ff9f413644c438431721ffffa424a4a340418a44b9b5d695240242e248a5414e2244f15b56670503222144f31d248243e60e124254cbd87c809f030340ff9f40210044f2bb33e0ff20d8799f2100ffa2030502249f04a142ca4d44d5826b5eff9f80d8799f04ffa1232103ff80a242de1a00d87c9f4151ff9f42bb8e40425669449a4d0aaa01ff23419d05848400044187821b74bcb2465df9e2a91b4d4fdd8ed5e51970840008432a1890821b1e07c7604a4987201b0d4383ef35a103ea840204d87c9fa2d87e9f44d86d46e4ffd87b9f4229ab43e54c1c05ff9f44f912e902ffa00244badb5bfbd87d9f44b05ab5b6d87e9f43d374a444edf3a94e032240ff4144a544bbaea6db232142e26d022442cd0842f8af03029f41fd4452daf419ffff04ff821b6b0c9675f673f3651b6dc21cc4578b4de584030344bda5346c821b467b14135253a0ba1b1513f7b27bc99e45f5f6",
            "description": "",
            "txId": "aeeed8e914cfdcb1fa14f1d5ee6bd67226fadedb59d26d2a91375b734a66bc45",
            "type": "Witnessed Tx BabbageEra"
        }
    ],
    "seed": 620568308
}