{
    "samples": [
        {
            "cborHex": "84ae008482582018cf6b6d65a46c041421c6909504ebfe075796e2f0cfb286936a951fa9b2c846018258208e3e657efc32a8808b09e801bbf87063d45e397f1be21b557a58af240472f5180b825820aeb21385eb66563bd737a3aae86612cd7dd87fbe50efecee52f1aacc01ace7630a825820bcc446ed2ef1ac423916a2c07de3df2dbe8d28be827e10fe2690857c510eb57d0f0d8182582093e3776ba772e49bf75c9fc5bfc6225fd9357265155bdd02344281aabf75f16f011285825820509d324023c622285b454c9c6145ba86881cc9033bf0e7cde009d538d1495e930082582061bfa1894d778acd570ec0b406faeb12a5cdfa73fdc9a140fc656369a069e09c06825820bdae03aebe21da68a9b9115f2d790778317708348e374224e3a4c95642a441ea07825820cf2eb3dc59e8c0676474e4236f3a079d1ee1737e921d1d8865614777c7b8281a0e825820e951b23aab489919ccb1fc0977dea089136c897d56906c9c6648aebfb716cb850b0185a400583910e2a23f735e29eee6fb91d59028f09f1c6a07cd5e27603e9df6aabdd911c57ea5b2ca28b4c5e3a10718a58c4d3ad145d63338888b2fcf38e501821b4f3e1c5b6ba51264a1581c2e12c5e499e0521b13837391beed1248a2e36117370662ee75918b56a14d24bd09fca1be8c12cd88587da31b1d1ed2545ec201140282005820bf1e160fe697d8a9ca5bacefc5045a35c682912d556972c183310cc5e4427eb503d8185899820082018382018182018082050b82028283030080830301848200581cb16b56f5ec064be6ac3cab6035efae86b366cc3dc4a0d571603d70e58200581c76e607db2a31c9a2c32761d2431a186a550cc321f79cd8d6a82b29b88200581cb5ae663aaea8e500157bdf4baafd6f5ba0ce5759f7cd4101fc132f548200581c58e1b65718531b42494610c506cef10ff031fa817a8ff75c0ab180e7a4005839218efae82de5cd48c0f3e5b4d0332213e30eae6265b354aa289d4a3b8680efb0fde8209eed115e24f309d6beed3f03255bbf4de1a7db2e2b9401821b0eb1e41634a0fbc8a1581c2d725128406dc832eb74c4709aca0512499b3c7b17e00d7cb2e6d1b1a14df85191e4fec29cabbe349a487c1b2906dc27af5e6d930282005820587d03d8edf0889877bc5f6499622e7244c297cec9d1119b5fa150ea03e60f4c03d8184b8202484701000022200101a400581d702a896e6244a2f430e27bd2a1c16d9e7651ef20c9e639e3c1e99c288301821b287ff73810838d33a1581ce70a703fe719f411dca4fabdf7c36e2f576738e355c51d4b4a4a54b9a141321b333c7835cd196bfd028201d81845d87e9f21ff03d8185901cc820083030084830302858202838200581cbd039f956f4b302f3ab6fc7c4bac3350a540f44af81a8492194dd2c28200581c65fc709a5e019b8aba76f6977c1c8770e4b36fa76f434efc588747b78200581c0d94e174732ef9aae73f395ab44507bfa983d65023c11a951f0c32e4830300808201808202858200581cbd039f956f4b302f3ab6fc7c4bac3350a540f44af81a8492194dd2c28200581c65fc709a5e019b8aba76f6977c1c8770e4b36fa76f434efc588747b78200581c4acf2773917c7b547c576a7ff110d2ba5733c1f1ca9cdc659aea3a568200581ce0a714319812c3f773ba04ec5d6b3ffcd5aad85006805b047b0825418200581ce0a714319812c3f773ba04ec5d6b3ffcd5aad85006805b047b08254182040c8202848205058204088205018201848200581ca646474b8f5431261506b6c273d307c7569a4eb6c96b42dd4a29520a8200581c4acf2773917c7b547c576a7ff110d2ba5733c1f1ca9cdc659aea3a568200581ce0a714319812c3f773ba04ec5d6b3ffcd5aad85006805b047b0825418200581ca646474b8f5431261506b6c273d307c7569a4eb6c96b42dd4a29520a8200581c4acf2773917c7b547c576a7ff110d2ba5733c1f1ca9cdc659aea3a56820409a300583900dd5fed0774a64575f928ff360ac2e34a633750135f2ce6445f83cec9b6bf2ac9598518df56067eb64d13276f0b809e04ab2a4ac5191c089901821b3f8252e6d711bc59a1581c2d725128406dc832eb74c4709aca0512499b3c7b17e00d7cb2e6d1b1a1415a1b607d0e7337e2e1a903d818458200820280a30058391106a95e9592935919711d488d6de8d7e59f7877b5d3a8d53bd48fecb127dafce5736f373634768fd587f5d3213ed90ea2fe37efba7ab91ac501821b461ae6988b038885a1581c77f82303b3ed4129e0a8809151b1f5aa7ccb27596b392e528b6c4b54a1422efa1b0415a7d93835240803d81859018882008201848202848202808201828200581cbd039f956f4b302f3ab6fc7c4bac3350a540f44af81a8492194dd2c28200581c76e607db2a31c9a2c32761d2431a186a550cc321f79cd8d6a82b29b88200581c65fc709a5e019b8aba76f6977c1c8770e4b36fa76f434efc588747b782040b830300848202858200581c58e1b65718531b42494610c506cef10ff031fa817a8ff75c0ab180e78200581c58e1b65718531b42494610c506cef10ff031fa817a8ff75c0ab180e78200581c4acf2773917c7b547c576a7ff110d2ba5733c1f1ca9cdc659aea3a568200581c65fc709a5e019b8aba76f6977c1c8770e4b36fa76f434efc588747b78200581c4acf2773917c7b547c576a7ff110d2ba5733c1f1ca9cdc659aea3a5682050e8200581ca646474b8f5431261506b6c273d307c7569a4eb6c96b42dd4a29520a820180830301818202828200581c65fc709a5e019b8aba76f6977c1c8770e4b36fa76f434efc588747b78200581c3542acb3a64d80c29302260d62c3b87a742ad14abf855ebc6733081e82018010a400583921776266efa17e9cd8a48af7b40d20647a78a524225f468c287eb91f97ed6a2624c2b34d1ba22b6cfe74d54e8df7a46e716e21e16bed82924a018200a1581c8b711b89fba2d71141d9d735a040a6e369381ad0ace35e0525bdd6daa1446a2c85bd0102820058203951c0b08ecf0df3e4dcfe9f2f118317bce5532ddd4739e0d2f088896a3a0d7403d818458200820410111a0008e3b4021a000a0609030b04838405581c5f9ac99fd167cba1b94c855b5d37a7329aa3ef497cbc8de8231bf11b581cf56be99e58fdbf4fb21650750a19580192ac09c9f359416bb04a5fd65820b3dba4a1252b8dee875b90c226eba73174caffd6946573a6964618c7e23579ac83028200581cbc0879e76fd844d56a006f8e4cc648d3bf8725f3187bdcc3bc7baa0b581ccb6e817078c67ae204f19fa3a415e1e7d1aa055872bc230ca0adf1a782018200581cf14407152cad9165e10f8d75e931aeed90a45b224b833e15c3749f4e05a5581de0285222a5aad665782b320325ebf1a0a8a85f91b92b441fd60e6c9b001a000f115b581df1a7a63e4ca001778bd2efb48e87d4247f745e7840d7647c5ccbd9db7c1a00082956581de100243fdbb1fab69110c52663eda493104af4f8a33c8f1dc0c9fe8ae31a0007b3eb581de12cc4fc29121c72d014742b4a9377781d0707ea58a739913598475b2e1a0009e810581de13a6cb4364f73534abcd12db6e715e1b8435334b2477db3e9aa1aeb1f1a0005cf2e080209a1581c7590dd16f3e01b294c13a89467792d7f81405675c5490fdbba7c6048a1581d6e0f326ce574a22d30a2228aaf6b0c0e719ed5419af6e8945b10b18a1d3b68277ae3db2a0a290758202df77e1db7a6ab42a98608a3fe1fa9d3aa5ae700a756e297cfc4b14edb6f6fe10f01a4008682582020ad09c026b35013d8314379dfbc3e416614f16a1c44b0ba1a49ea082a41e61558407f8e5907534a266ac67ae8e5116010b76e61f12076025d3730dd7f48192094389c6838db9061b29706d0d99c86ac091dd9cb34354c7e1ccf9eba73556ddcc5b082582007ec92694ea2e542b5772ec9343c70ab815c7202be4895f0bdfbc7a6c9176505584034a5a359021d072d4fb242d154b57e8ada70d57b6162030a2006c9b6ac29b02e2a0fe1e2ee56619be76a98fb2cc335a29601336ec238f6cc7801bfd8030de0c98258201145f85211e1470864f063b4e94f483f7ca4f96d6dd6a19116dce319724d3db05840468f5e41ea73be5f5d69dbe3fde739bbada979e6b79bee7eddf272c7ed17c92fa77a495df82b909e474f7020b730c503888350810fa7fc56e184a087a8aae36e825820bcd125160d6be25c972d39c045b2e5a690f000189034a5017113c39559f6187e5840c50a03c2bda6a2343cf7e81a389b56d0edd037c191e149272e852a9b5cdb3dca6fa8784cf9a784ddc800ffa9c60049570d1a6913ee70f64e0ff23ede10699d44825820cbcedd73e67994945b96cfd49bd24c4281b1df65ec2c5497bb544acc09db9a4358409ebf1726fc864dab857b402a0154b9bb1bfbe8b985bb23661b2959ad898488071661090fe59573c8b17d350736ed98c1542565c4e3114e7de12411f22c393cb282582004b1a612c2d881106fb0c980c62fb88d51acf049615f2d3e4cf299cd5030a5d158400bd15b9021204adb3696191343327288d17f49335bfcede36f0d238bef2fc37f416f7d1520a48b19a6345879650c7575ec0b669b39f0c08b1e20c02e8f8a86a0018382041082050c8201838205098204098200581cb16b56f5ec064be6ac3cab6035efae86b366cc3dc4a0d571603d70e50483a222d87a9fd87d8043b0c48a9f423c6340ff41aba0ffd87e9fa443e22b30441370d2010022425f0b4004414c429f57d87a9f004452b8ee51232120ff9f413723440fcea3e422ffff00419cd8799fd87c9f2180ffd87c9f431a968ba32341790241762200d87c9f2221ffff9fa2436c344944e5aa29e10143f2a531a243fbdc3c2240424a64ffa2a09f21427406419fffd8799f42f36b40ffa4050444434c0a9543885031404364b7ce2041b09fd87b9f4042ed76ff409f416144b1b4bfec0220ffffff058484000141e8821b0f91c53168cf28f51b3ec8d42d184a57c3840002d87b9fa28023435a5611d87a9f040403448cefe1acff21ff821b0620a82a93cb5b191b5eddb689ee33ef6c840101d87a80821b4f641a0e91e924771b3220a73700aa4143840206d8799f9fd87e9f40435949000300ffd87a9f4476358b7effff436991c09f00d87c80239f4043761f0c04ff9f0420436f2a1541d1ffff9f9f2320022121ff9f054024ff022221ffa3d8799f44a132ae400440ffa04407382dc100428f3221ff821b339bb2e388ba69f11b322a861178a7be96f5d90103a100a6028144b7df5ac30785404467c6a394415c8341dd427107435978e1a3054285f021610d612567063777f3b4aa9c08a00a81a4440c35ec0563517c3567eca88bf0ab8aae6cf0ac95abe8a691f0ae91903b202167173e1af489b78368235d0208f488af9d0c6448416b7f1041ce",
            "description": "",
            "txId": "18670d49f89b2b41771b6a7e67d68737fb1462f1d9fd890244797512d6b630ad",
            "type": "Witnessed Tx BabbageEra"
        },
        {
            "cborHex": "84ae00838258202b192cf6be756b2f65540ae4671e0ab5f2213b288a9904505420dc188688b0f6058258208139b09af56a8a1a05512f7af3f80b887107e068d8fe7b391ef21c9d57a2b0af09825820ebe63f7e200e6c451b2335e16b0a6423920462c2d9f3754232e5f9fa02ed24220c0d858258209a8ea3abaf8153e6d1daf19680ccfab08ebd0ea06fc688b63de36d8bc3e0264c0e825820a21b7f19cce17eb6c130d06cfdc2147fee9297deb9523de2bc6b70615271feeb01825820c325f528db8a50f8c330bf000860237984b380cf48d93f7520a4db827d17459904825820f832715773cfbbebc5faf0a5d189797ab8e2eff31692803ded470513fdd48d7907825820fbec71e8e89792f052924a114eb019deae6417a9bd3bae33455b22735fc18c780b1286825820007bfeeb2a1a5571537e20cb502a8996125b4534d6d3e4e36acab19b4fa8e96e0e8258200d83c3dbee1b970b691fb9fdb3381c0c363fc7349da9b81c77328309ae041231018258204d0edc8f7cab93b40a5c3de3583632f78c6225a45436b02f9faf66d7ecc31f7f02825820e6646493a70819932816d4aaac6857a16ad9c2c503b2901c4fc062fadf58bde309825820e83989693d9edfbdcbc49f17a97cfa3a82d581c451ac62534002bbe255ee00fb09825820f181a0cdfe56a241211683ff3d4498294af020e54b41de44255cb17951b47ed7070183a400581d6119340703dc624654c0ee884f7939b25e31be6d871bc220b44394a28901821b1a62c8d46c080545a1581c8a68846ca45bd3fdca80f1fda3f7b5634db1c88780c3c584c1bb3ad7a1413701028201d818410003d81858ad820082028183030181830304858200581cbd039f956f4b302f3ab6fc7c4bac3350a540f44af81a8492194dd2c28200581c3542acb3a64d80c29302260d62c3b87a742ad14abf855ebc6733081e8200581cb16b56f5ec064be6ac3cab6035efae86b366cc3dc4a0d571603d70e58200581c65fc709a5e019b8aba76f6977c1c8770e4b36fa76f434efc588747b78200581ca646474b8f5431261506b6c273d307c7569a4eb6c96b42dd4a29520aa4005839107adbbf26e7809f6d8ce94de0cc92414fa60a3bccb4479b6e34c8bc8c0081cdb78193290c1a2060314571a08b26fe9458cb3a28594e5a7213018200a1581c2db8410d969b6ad6b6969703c77ebf6c44061aa51c5d6ceba46557e2a14b238c381459edd11b7d16e202028201d818410103d81845820082018083581d71ddd69fc90eadb5197be2d7adbadf8dd40c7dab2934ecbbe433428cf8821b539b10b78050893ca1581c2d725128406dc832eb74c4709aca0512499b3c7b17e00d7cb2e6d1b1a147b92ee927f34a110158209a96312b23489d3190bab17be04d2dad0ffc9f1fe677e261b6a527f6f173f62010a400583910cb8095ddeeda4786a89a479fc56aba8db28642afeaad8b7e72dd79417d4fc06c7f7e615548cec7bccaef070f1824ede7ac4de7d062a406ad018200a1581c2db8410d969b6ad6b6969703c77ebf6c44061aa51c5d6ceba46557e2a1569c1e8778238da68e97f639b00a614d7ea540df8a41f31b317d75c3bb87faf6028200582025748af4a0b2cd8010a786b14c99b0c28c9c1fdd9aca8e4cd1986f51de79c1a503d81845820082040c111a00044e17021a0003acbb030c048183028200581cb312ad0b7fd930030ab17360099baece7ccdde1f2f3504a559dac4e5581c6a99819caed71e38d596866c3799ed4a3fbc72160394e6dfb98eec9b05a1581de0abcfef3aea649c4bdde19fa6e967ccf6163f27122ff61a6e28dc1d981a00051414080b0e81581c85cba19290575fece938b9937bca80c644604a664368d59cf3c2712609a1581c105a8f1bb56444cacc86378c95421aceeb326b0fb7743e493eb82fd5a141373b5b57185dd4896b7707582088c100cc3b8398ff7d03e2aaed620e41dcf10a6efa72f3c4aa522021a4fe8ccba400848258202015eca8efc1921c42c01688519e3fd8b7f758d3ba93ec25beaa4f930be3aaa058401fa1ce84b8a8569676ce848671136316b2b11dc26b992164220907aaf0bcaa414dbb5e66a493c730cb8bc595a9952bd6accc6cbdbff3ce1de058f5ea0f2c2d2c82582055c10df03c59381811e95f95d358119d1382aac47dee0f302e09bbc6fd5f5c37584088a6b8e19e9df0c1ce1724513d21c9b465a958267630282f3fbae75c85e8e9ab91c7378733648e3b376a70cae63351f0db49588a2ba8c44274c70eb538d7f23082582082c5a2b167d0929a57af6a107c5e75cae527c9bb9066b8ec21765eef4a20a1d75840da630643b0badcd16936f6b9de4f4727ea5bc79b10ba966e1cc75d987795d43ac63d89dbaa9c3d7d9bb5ada4aeb2e93a9702e31b797641d088f70bddb2c62d2982582048506451300e7ad1c6811feab884413fc08405156612d89470c2846da4f9fc2b5840b1941a6f0b73ee432320c85a3f76bed96d043b1b905773dc41603fd6b234004de8761050df581c5ab06860803d688157984ceb9fe5243c2b844aa2fe7401223902828458208509b09b77cb780bc6add8493d888edd30d40c736de0df0f6f3a8e1dc1c0278e5840724986ee9087435ddfc160d4d4bb266b496101a6bb4cc718978bbbcfc8ed95c4539e6408821083f07367683d9bee6e1eef46fde397f15f7f7d5beeea33ceca1b424f8d43ab720a845820deb64259a906b04a86d5fa8e2299a496f4e98c6011f73cd154bdf1145633f71458402de6dd3ac701c5e1e95df698af32fbd1916ce2a18effbdfc04ab6456e1b4c8fbb9ed11e108615d66b77002fa0a4de40c66b32d54105e962a62e9878c490a8a3d43666afb4119018282050d830301828204018200581c65fc709a5e019b8aba76f6977c1c8770e4b36fa76f434efc588747b7048204a3200002d87e9f22a10124419522ff8001f5d90103a200a20e41e60f22018482028382050b82028382028082050b830301828200581ce0a714319812c3f773ba04ec5d6b3ffcd5aad85006805b047b0825418200581cbd039f956f4b302f3ab6fc7c4bac3350a540f44af81a8492194dd2c28201818201848200581c58e1b65718531b42494610c506cef10ff031fa817a8ff75c0ab180e78200581c58e1b65718531b42494610c506cef10ff031fa817a8ff75c0ab180e78200581c0d94e174732ef9aae73f395ab44507bfa983d65023c11a951f0c32e48200581cb5ae663aaea8e500157bdf4baafd6f5ba0ce5759f7cd4101fc132f5482050e820503820280",
            "description": "",
            "txId": "a488ea4c12f087ae11416d497f6d66d245c452c801edc38de4d1ecfa8c03d8b7",
            "type": "Witnessed Tx BabbageEra"
        },
        {
            "cborHex": "84ae00838258202e96237e7e1b1ebd3f5703b36d97681d6f450f81df7d54442ca5b7ed441f0bc70882582030093c22fe598aaef35d99e0805e5c827ad0c7092734addc32c66ad4debed8df0f8258204e76db78beaeb8bb2c06e4549495414084801f9e5f3556e7823d8d2fbbfb043a0f12848258206b198dca688858176fdc93b67054cc54dd4b6058f0c354fb6504b6eea32d1d59078258207e7d0a6e6012b59f86def999994ba022d20859a18b4d41e1e58976a9dc858361038258208354ba829171a3175666281a6b8dcc6fe4b375a15c54e620704ee20cb1f032f40f825820a5812b3c87512e14dfee0c4a997ac8329afb5b898ae0b514b6ccc369feeb0da80c018010a400585782d818584d83581c57d41b654be920d23e40134552469bdfa525a3a5c842e22fb2cd2107a201582258207573626e6a736b766a666e6e7377776d737a61756570696d6e616278706c657302451a15c5802d001adebb40e3018200a1581c18061ac3cebc48685a110a2ea0d532582f7c0d4dd4c5f4875d4b6cf2a141341b6d52d141049a08c0028200582089393ee7f86b09ae61ff661b77febcea520a0d3b3a06a4d4fd98fe144bce385703d818458200820505111a0004dc4a021a0007b35d030804818a03581cbd1c99a71c9d743ea2776e118039386ab4145bfa950eaf3632e59a705820c1065fc7c62c5d53fad33b07bfa5c3502d9881e277ad6b5adca267cf6684676e1a000291461a0002539cd81e820101581df12600912a09c873a9c4d632144a7aa00c49594c845fcfdd2b1e6bb6b785581c4ff70c11e14811b72be44351a22d93b277a448ad849afcb91aeadc8c581c51536f665cfd180a8190dfb23837a41a3d147cadcc3205479a0adf1e581c9e29f4550b22b698bc6596e838d914eb54aac6b7d5fc357760663ef2581cc6be43b5356b432f17cbbb830d0f5b77afd6ef83b08cbee2f91c1aa5581ce331fdaa789c733bf616854c5f4beefae3e985bf8e07c3c9a26ff784818400074400000004f6f605a5581de0381a1658bc7c778d023d224ec47f1d63f2b75a7102d74339fe44a7531a0007fa31581de081ff1efc8ebbeea9fd2a772e9b31e1ad1d0ec79eaae384f5cae55b261a00042e33581de0d11333210afc1ddd9d1cc079aac0284babcccd7e35e8e98e5e5111f71a000388a0581de112b8d75d70a868579f4b0050e21352fa1fc2fbc933a76586fc0cba8b1a000f40b8581de166731954a947a4ef9e3427fdbb498de2502a1de09d47fc8374c22e2e1a000c640e080e0e83581c2958a35126d97df20039647762b9210bde781445530f56fdc96e07d4581c4f704b9d80139cdb8d2391476b66530bc8ee3a22937f3d4d484d283a581c63525fb8f1463bd518a1ab6234ae2555388ee6aa16ec1b747e2e9b6f09a1581c2d725128406dc832eb74c4709aca0512499b3c7b17e00d7cb2e6d1b1a1581b0514d8447fe62ef1bbe4b21cb3fd6897d38e1903ce394fe88f06a01b0801c12f0af892530758201df4d90beea8e5a4226b931e476b7dbc2bae2a6d557118e9a7b8735a7a7d52070f01a600828258200d7346837b08892b120f8ba8af8fa98e706d5da6f84177f40924d5d568a9b7c258404e20488d613c4ee243b9da737944980ff7862bfa4c64723857e89b9f9ca3dfe41bab801690f9bd780f4d05db9ce33468176ef85f0eddea8a2d6cfee91943af61825820afe27429dc84e48000f8a14e0ca06c0d01a2595ad8a90dd4ac97c7bb2387251c58403f64e990cf446e32cb14ce95190cc2914d83e3081a4a9dc0f758b889dca498ed0ec7ffd50c5b90f57df43be9c1056e003f04193071c0ba5f9bfaf95206c25e83028684582080c1196cc1ad4b68798dd96608da5f79af70ac6e3298209b52384a8948eed2d3584034299166fac870bade9ae08579b700d7149ea453c634b40359655b2d912a5dfc2ef960b7e4bc827ad92988c44c9429299bee1d4e2a9c0795e0adfd0d1c11ac434045cab299df8d845820140b68966f0d004efc763df73fd5959d423817b0ec4b3703cd2ac8af15383fff58404de1ea29334e1b336afa84c4c8d7dbf81ca363d55dc8658ff93befaa402d555891bd077da4f0849dc8c0471b7727f477791bfa85dc13968574e495e131e71a9e43c1107a412584582084c41b9b9ec62dbd9b224d63b00dfd10b1edeba501d3365f2c3cab92010beb0a5840063bd7b37cc79aac6e6b63a5240a267cb3d58f4e181711fa127e61ccc1ba0d8e8d88e33f162ece53b41081ee6bfdcc35f43b55f487350c6d742ee89cc791cf2e43cdd2c1408458204aaf0b2d482b87eb25f410def01eed90b67dbca8b8a1820e6b18ed27cac700925840ebd41b181b35e7f9383df1ef5b54cd7ed4dad0927f49cd034aca99e4385053b7279b49b76a3abedbb99ef096e9f5aeb48fae26bdb61d4a3d65a75d46daa41751449ef6b1b941988458209c11b03c0f2631e30b3dcffb672b5dcdecd7d132fbf7ff1d27d98fc0b04e93f358409a0ecd5d7b1aa0d1e2d473a8bf27356942d7d7ec3ebd692235e4b23d6d7a16a5734da516b2141a90e211103264a169b229895e506ba89c881c53bbfac0efb80944f43951a24443bf51ee84582054489dc59baa5d779823c169f61c846972eed41b0f66f6a24d8cfd65382b62215840a87326396c624f77056b72d7d30f101b804e946f9a2dd56de47498295f7ee647c9308a36a5cbc6183e4d9f87fcb179b4c9d57f6e59ba37f174db522e8253d26e41a1435a2c500184830300828200581c3542acb3a64d80c29302260d62c3b87a742ad14abf855ebc6733081e8303008083030185820506820281820506820502820403820184820506820180830300808202808200581c65fc709a5e019b8aba76f6977c1c8770e4b36fa76f434efc588747b78201828201838202828200581c0d94e174732ef9aae73f395ab44507bfa983d65023c11a951f0c32e48200581c4acf2773917c7b547c576a7ff110d2ba5733c1f1ca9cdc659aea3a568204058200581c0d94e174732ef9aae73f395ab44507bfa983d65023c11a951f0c32e48200581cb5ae663aaea8e500157bdf4baafd6f5ba0ce5759f7cd4101fc132f54038248470100002220010147460100002200110481d87a9f049f9f00410affffd8799f22ffff0582840001a12480821b7010d6b4d22980ef1b72de491f88d40dfe840205a49f8044c4dc85809f4001ff42feb7d87b9f204182ffffa3d87e9f224040ff054173d87a9f41684041f440444c4fe39bffd87d804022437eed4fa0a02141ca821b01cf3c0b3163c9e51b14e4cc4c9a903d2df5d90103a300a501655af0a8a4b104400585852142c82964f484a6b342256d60411f84439ca9c54370e9d1050400230a429f6d10660c0b63043206018382028382018482050e830303838200581cb16b56f5ec064be6ac3cab6035efae86b366cc3dc4a0d571603d70e58200581c65fc709a5e019b8aba76f6977c1c8770e4b36fa76f434efc588747b78200581c0d94e174732ef9aae73f395ab44507bfa983d65023c11a951f0c32e48201828200581c4acf2773917c7b547c576a7ff110d2ba5733c1f1ca9cdc659aea3a568200581c0d94e174732ef9aae73f395ab44507bfa983d65023c11a951f0c32e482051082050e8200581c4acf2773917c7b547c576a7ff110d2ba5733c1f1ca9cdc659aea3a5682040182050c0381484701000022220011",
            "description": "",
            "txId": "7a734337d529ee2b01f32cebbec359a225d9f23362c48b58700f5f82f23a0d1e",
            "type": "Witnessed Tx BabbageEra"
        },
        {
            "cborHex": "84a700848258202c2670ff1c5a8bfa3d58c1e836f0efcf6c716d7cbaa0d3fc68260b60127b3532068258207df4250f280ef8e24edf907fb527a9ad3c48d4ed0d87a36805e3fd41a670cf0c0e825820b2c5e0e093203fbf3e789b4e156fdd68e86914bc743561bb95f903d1229b880b00825820d7e2f897adc7d5c689933e7a0aec4881d8b5c1a1590cdad42196e18fafe03a8b020d848258201c39e891cf0e4e0b09e7669733fb33388676a2c3dc04cbc4a5e87eee8e7c5ebc0c8258202f884ccac930974071829cbbf83ec86afd768b7a3a6a13e5de24dbe42f57d82b08825820310d1701ea85c7ae4bc34a511fd0b8418c6ba11d2d4114dad0588d3429b0a9920f82582066acb6babea61a678321357aff2fd367aaa484086b5326a9d222a48c62b4a95a0a0184a3005839009c70855a0dafabe4c5be04165f7e1baaa78deb43d2e704499edf724c261876fdd1d9deaa59cd6c11137d132768ab67ae50af62247d9d213b01821b519a9cf5d4011316a1581c8f461954fe2f18fee1dca233f358907e643ff839ed1f995e4bf325e3a1581cb3b6372923cc26b16e699507407fa9d45fa0aa61fb0d6e06b5a80d410103d8184e820082018382040d820509820409a300581d6138af883346868d49d78515fc41915634ca4c2a617305d9a1776a22c401821b79a1ad4b2d10d450a1581c245d5a7a06fe18358242e81281cd5ba9e6abe4efc54e7b659f25abaea15615d6f8ab3e53ce4a46230b77171c646b89f377a6074701028201d81843d87c8082581d60f494f6a981fdfb587e57e74200b78f95cc7c834b530914b1d0bd6aef821b014c1d3d3290ae95a1581c2db8410d969b6ad6b6969703c77ebf6c44061aa51c5d6ceba46557e2a1581d6d984637d8e1cac0cfa316c63f7c32fae75828d1b4c8561f8e2bb410dd1b7a6eabcfdc96f51fa4005839012ae3b5c8ba75b73166c390aac134dd42a428e8fa7899bea410e04b435208c9e368c47ddd53d7ea62bd8601eb034e0f17332cc3a086eab06301821b3fb5e665347acea4a1581c973b513875d8e47aee954aade8f9d185bbd025bf806dd2300f3b7269a151bf2adecbaad6fa52af9703cc507dac32701b0637707b09e0298002820058203eed8439ec7311af07b8e42eaca9e70a210fef72ddde8cbd25bf2ad04b50d87203d818582282008200581c76e607db2a31c9a2c32761d2431a186a550cc321f79cd8d6a82b29b8021a000256e109a1581c6af5cd681880429bc113f1daa06deee747b773a21720039437ed3be3a15820940729c27d7990fe74720c70db3ce4bb4c423025acbc93e7588740ceed29983b1b416f98fd7c1e93070b58205d0727962a9381a74a856a07ce8830fa7b3e5c7e6fa3efe9aa6d33b745f38c4d07582063288f67c32526555dadfd06fc995c78b84eb448592939e39f979859b3891a33a40082825820bc941817a1658919f426cea3db4c37b803752dd69c26ede8ac84e6e4c46e13e8584005a30cb96ebed05c4537c7a6a8ebdb3c2af61f85674e266aaf4be1bff41da34f0ae5c4a38b3ddac31ef0f543be00260c25310c03f787e0ce26d07a49bfc42ca48258207267b7692bbb3da955b01fae9032134f62d26e8b365bb7ffb37264325332d08b5840883182d052ae1076bf295ca6407ad641da26d0ae0b314cfeec6d5b5cd56ebfa1cae300cd812a84a6b35759411a14a1e400d8344b8a0717e456ea89d74fc077650286845820af8a68b28214d2098b643933f9a22b236e7cbd01dfde5529a21f5f6b3853a97d5840d77e6c7ff8b6a9a17f748470a2ecca29fb3d2f88fdea80fe830223dca2538591c6743d966c589deecad6c5897fae9b2437d543fe1532f719a019441b097643cd426a7942980c84582041ac5bd58a163651feb3f0094eb84b1054e89d3e74b059c58f1c2cbf2d2dd00f5840cbc71368930e61468d594b2fd79abf210e030a6694ae84f99607cba41c1e1ef5d7a56b0f70c2c44c433494910f807eaaf7e5c39903714a339768efc9c491cb40411d42fcee845820b30589ff4606437fb721e45db344bdfd2f461b94b05289d51ce32a3cd96c14fa5840f42fd46676206fc051fafde718bf3c9de161d1b8c73fef2450e092deaa1ca06a61a1f0a632a7aedfbd573b64f7331d41b4657864ebe7bf4d45a1cc69d7a36f61434091f341c9845820e3100504b60aefa3ccbbf562029bae1064cf7b4dfdda93230ccd298f0ff131d85840fda15e2bd579694975798de1fb9f861961f8da837da93d112e867d14aa413300a642e30e46ee41ddcbfd34a4945990b2419d37016411545ff89dc1de303604d84302e92744c5b7b2c08458204fdc3e4a0340786e485bd26548b1114f83dba68881b3e3aeb10791070152f0d958405b38fb42a62944d451bf2f8c29bc5c499845f2c74edfb3130e28213aac586d99b735f5fbf7c6d4f8a62838c2403472d4bc804253aa7c554d159755b79ef867ae40427c4d8458207232b4576cf6127f4c0c7c016fc4ff3f6403466b17c007ddbe460743c8cd2a2f5840640f86894356ca8c136a67168d82d7f68e17964aa540819aa0d5229ef9fb2a2cb3cdf0ec77dddcc085277fed9409ba33d901572d1c6aec0305980c732bbc0f0a404327bad70482a3d87d9fd87d9f44407e1d56420bcb43fa6c6105ffffd87a9f41b143179dffa0a1234106ff05d87c9f02d87a9f0301042222ffff409fa440416f4260914493b7dcd14378b9224357263844e54c75300340a4050142e60c420d2424446548699f4042f72dd8799f0444127deaff214000ff9f222441270443c4b110ffff9f4418ee8ab1d87a9f9f41b9446e8aa0ceffa140449753a18443b89ddca2400340409f200202ffffff058584000203821b16dbd93cb444e5691b7c8be6ff6a1e250684000643ea7d6f821b1322533c08cf6d051b50cf79b741fd6186840104a0821b7e597475e835940a1b5b62dc611f0d9d1c840202d87c9f9f9f21ff426095d87d9f01ff8044a4ee4952ff00ff821b50f81c3ee6be96b51b55e436e5a044bd7384030405821b03a7d684765fa38c1b74ff949259954189f4d90103a200a30042ef7f04800d43b0a6ef0185830302828204058201848200581cbd039f956f4b302f3ab6fc7c4bac3350a540f44af81a8492194dd2c2830300808205038200581c0d94e174732ef9aae73f395ab44507bfa983d65023c11a951f0c32e48200581cbd039f956f4b302f3ab6fc7c4bac3350a540f44af81a8492194dd2c28200581c0d94e174732ef9aae73f395ab44507bfa983d65023c11a951f0c32e48200581cb5ae663aaea8e500157bdf4baafd6f5ba0ce5759f7cd4101fc132f54820181820506",
            "description": "",
            "txId": "809596b37a0449dba1239be3a3e32cc626c1bf2800d7a9df1ed95f6a3f93aa21",
            "type": "Witnessed Tx BabbageEra"
        },
        {
            "cborHex": "84af00848258203a4d53ce8a853bbbb159b9d0adb232a1494eaf602125951ed04083d331771dc1038258205bb164f7c5dd64425395fa48d0f31a605a17a96fc6b10a53bbf7e559fb426309048258206d6e55b0ff2ddc2b994bd0a291dd22d39d6cd1ec7fff86ce640224420385938408825820c7db4d8371f1698905f70d5474ae8381f36e6546d64cfa2371b058c278a25774100d83825820aaa15faa4a07ae60b5fc22794be0fc0c19c2f290172eea5cf0e8a1b615a21c0600825820ec4b86118ae9c6253129817aab7abeb31160653856a0c93a098a7a0f3c1a09a40a825820f96e82393601303739a6c2e91d95605beb95c8d04de487a7c7e71e8052e041df0712848258200f80c63eae23cdf35d6b7d0385a8821233f1206aca660105605400b6c1ff94190d8258204adf2d74c8f84adfdf0b5e5455c2be21186e28f77a0b49e949ddefa001bef75c0382582071e8ce37d08b2dba9562f42fa0ea8444629be34ad1cec173dd7414a2c411b9ed08825820d759f867b5cadc68f541461b2b56a0ec24111ce71d8d13bfc4cdc94d710bb3900e0183a300583920a07aadb512f135770d6d6e5d9da8ec217b3025843dcf8b708bec22a1126eb47b89eb98e810be9ce55deef2ffaf99803441ccf1c41d5d71f8018200a1581cb498cd16a7b3d165c33e3ef7ce001a8c922794a2088dc5d7e1724987a15819b57ba585b3aeb3b213bf5c506a8913156d4b6fed91dddbe5480103d8184b8201484701000022200101a400581d603736cd4d9f1148272f1a214264f43ae8edfc221f1f1a1c8e660f0269018200a1581c2db8410d969b6ad6b6969703c77ebf6c44061aa51c5d6ceba46557e2a149edb32dff8e392d372501028201d8185829a2d87c9fd87c9f01432503a241b943bb4fd9ffd87e80d87a9f224412bede710000ffff80004324955103d81845820082040aa40058391165c8faba8d6db210ab34afcf7346a2703ad7b00b30e0f02be4028dde7416d4b3a5850b5002c8cd28b11ea88c9b43cdc09e2acda6b21b896201821b6f0ff431e07b6d6da1581c2ccda23faaa885a822821910db3a287574451c9773901259819fc6f0a155c2b9b9512463869417aa8c7177e54aa52072c7c44a01028200582007400999455f97d6e92f48b953216c0f45b41862575737214dfe594a3211218f03d818585582008201838200581c3542acb3a64d80c29302260d62c3b87a742ad14abf855ebc6733081e82028382050382040c830300808202818200581c4acf2773917c7b547c576a7ff110d2ba5733c1f1ca9cdc659aea3a56111a000f0ef7021a0006c3c603050483820682011a0003313d82008201581c1285997c9dc59600be57edd3ce2accab36f9ca8e92b6e64b57e7886d8304581c9cd6ad6bab71e4bdce10a60243d3e54439a83c95abbcadc6632d5f0c0c05a6581de085cd7208857088b2a47f5a3ab03d740eeafb17124527aaf57eb12ed91a000c0251581de0e9b9738b359dc984cba2e23e0a89bbdae1c727f05c1c9e5d154392d51a000acab3581df1427ae76b7e3106d94a39d31dda5e87366268d9994df2cd07cea49f9c1a0009ca1f581df1cbb3c09d2b3552c787942f6d4f841e01f9e80e7e23f4d0cd074a7dbf1a000b30b2581de146e0836f2fa1eaf43a9f3b917bcc4cb082c03cb1c3b8904643437d431a00043979581de1800cd5cebb212ffd0aa0ad6494c52b64c423e875d8e3b07eed7eeb471a0004c309080c0e81581c43595468328a0be25caeb3cd2f0f7e950d83e297eec2f4aebff674f809a1581c5be6ef0291a3efa885460416f980f0b0b587a757615b5b448fb971eba145a6ce635d313b10e5226d3bdad2870b58208299b96e534fed428f3b4c9600b0237617644594b8f37cfef6ec604addf03e890758209cb6293e7456f3e8c421d7ea04f10625c9e9ce4b7521ba87a4c8bcc8f6514d890f01a6008682582051409fc152e689dc61f8256dda3ff04ea92ecdaae5daf2ab15e4cd89899c3a7558403dc702f0b5d7fe5d01e401f7e00424b73d3990eefeb15f917f9dc40af263f4ac6e57c214b08d040a75e6daa02410af8f9f3a6421d48a6cca8af50cc8ae8e7d56825820f8b69395e144701228a15df1a598333884bf9aff11e09c41504a2a6cff1edb5258403f79434885a1161079473ad4bd1b5efe08ab6fbed0275e673239a01a78fe3f283e53f663fd2dfa5bcb785ca50bed2013bd9e15d6f9ae207773d1c9932ecf178e8258208dd6510e61549fe7cc1ae9008343aa5f28a12f6a77e09856c43455554cf6f5e758402ac1485afeaa8e62315d4768430261b5870d7f7f14128ac4e3b8dacaa7e33020a73863a1110ab582c2a5e57e2d1ebdeb7a703dbd326751cb279d6ba418b8590b82582014977e5ed3a7867333ac1708a05c82cfa31c50087d3859d38e0f89cf9715902d584036135d7063719630a7a4b579c79f9bb87edc0970276ec1dbd189aec6c25a3805a20a03c3800603895ae38f6ae598521c515a9308253277379ccc66fefe74a9e482582018fc82119468e802874f03b65f68dc5181a4aa2c5173a51d0ebc550595b1258858406ba71ce8d6b72ce47cce69e3ace3e215f2100e6dc9b8ff925b88fed017374523e1cab859b4f5b9d89c5a56fceee3c6517c7cae865ecbb4f160f436c3e186fd708258202053c522b0fdb9ad45f6f849d1ca80faab278c57c7d95bb37ef40b817cc513a4584007173d441b7d55edd89ab4eb17c48a07a3ce5c1e82bf6da96cdaf2f8ffb6772224d6b305159c9daa8cff740775a60d1524b370ce7f857e15f82d35de3d15a6840283845820b8ce3e9d9548b85d49b5e3f97e66e106cd3d151c566fd6947c62f43d5a8b928558401e3a79e401fc9187219897ca458e9b8856b8a1a69091e047b3f2f91e961e75ebab48c015334927c538344a9ca7c5348695a81418b60237b0cc79c4821d99a1524551dfbac92044baf11ca5845820c7be467ad180148fb3f659b15f7a29468447e7de457ad0c0bbb8a886106c6d875840c2e61b7c355e6ea544acc6873362b8940ae010fda040c4a90582a33bc0f07cedd664d809fa8c4fe592b187b3cebfb7e119af3a325e70aa91b25d47fcaf3c55c740425ab6845820ac07b75df2e09159c3921d3b8067981f2a0f5981031a7a24e95d3c4bb9aa17fe58402e6fe1bad27f82b026ff82f44c7487975f6533104777ef2bd8527e00f21dd3042122d9ed54442280773f533eee2c2c2c8e5f1233d63b90fc2c312fc08a153dba410d438336ed0181820406038147460100002226010485409f9f9f04ffa08044234b77d5ffffd87e9fd87b9f8024ffa4042244d8899ba2a42244306e48a5002101413a0142fcb1202304400543270290ff424f0941d10585840001a0821b6aee25d9981a5f1b1b1dc4ba08d189bfd7840003a0821b4267611771733d991b71f58c1c9574bd0184010804821b579f0270f9ec22b91b1aa4862fc41ece058402009f9f4021a302224290480042394602a3443e6ad3ae23422dbc400423ffa0d87d9fa243a39e9043bfb9cb41dd446bad7fedffff821b2e5db08bc4f226cb1b348b8b644626cdc78403024105821b43a90cabda481a491b5d4010a56b84beeaf4d90103a300a3016a28f0a8a3bd07f0a5b4a902a0098543cdd1084274f043e6518b6af48b9097f3b69caa48654335da18018182040803814746010000220011",
            "description": "",
            "txId": "02008b302272bac56851068712cd68b6a5258195783ea93b1e362a60d39c98a2",
            "type": "Witnessed Tx BabbageEra"
        }
    ],
    "seed": 938880691
}